Archive member included to satisfy reference by file (symbol)

/opt/devkitpro/libnds/lib/libnds9.a(console.o)
                              Engine.o (consoleDemoInit)
/opt/devkitpro/libnds/lib/libnds9.a(keys.o)
                              Engine.o (scanKeys)
/opt/devkitpro/libnds/lib/libnds9.a(trig.o)
                              Mesh3D.o (sinLerp)
/opt/devkitpro/libnds/lib/libnds9.a(videoGL_base.o)
                              Mesh3D.o (glMaterialf)
/opt/devkitpro/libnds/lib/libnds9.a(videoGL.o)
                              main.o (glGenTextures)
/opt/devkitpro/libnds/lib/libnds9.a(timers.o)
                              Engine.o (cpuStartTiming)
/opt/devkitpro/libnds/lib/libnds9.a(default_font.bin.o)
                              /opt/devkitpro/libnds/lib/libnds9.a(console.o) (default_font_bin)
/opt/devkitpro/libnds/lib/libnds9.a(background.o)
                              /opt/devkitpro/libnds/lib/libnds9.a(console.o) (bgState)
/opt/devkitpro/libnds/lib/libnds9.a(dynamicArray.o)
                              /opt/devkitpro/libnds/lib/libnds9.a(videoGL.o) (DynamicArrayInit)
/opt/devkitpro/libnds/lib/libnds9.a(system.o)
                              /opt/devkitpro/libnds/lib/libnds9.a(videoGL_base.o) (powerOn)
/opt/devkitpro/libnds/lib/libnds9.a(video.o)
                              /opt/devkitpro/libnds/lib/libnds9.a(videoGL.o) (vramSetBanks_EFG)
/opt/devkitpro/calico/lib/libcalico_ds9.a(irq.o)
                              /opt/devkitpro/libnds/lib/libnds9.a(timers.o) (irqSet)
/opt/devkitpro/calico/lib/libcalico_ds9.a(tick.o)
                              /opt/devkitpro/libnds/lib/libnds9.a(timers.o) (tickInit)
/opt/devkitpro/calico/lib/libcalico_ds9.a(thread_cold.o)
                              Engine.o (threadIrqWait)
/opt/devkitpro/calico/lib/libcalico_ds9.a(thread_hot.32.o)
                              /opt/devkitpro/calico/lib/libcalico_ds9.a(thread_cold.o) (__sched_state)
/opt/devkitpro/calico/lib/libcalico_ds9.a(arm-copy-fill.32.o)
                              /opt/devkitpro/calico/lib/libcalico_ds9.a(thread_cold.o) (armCopyMem32)
/opt/devkitpro/calico/lib/libcalico_ds9.a(arm-context.32.o)
                              /opt/devkitpro/calico/lib/libcalico_ds9.a(thread_cold.o) (armContextSave)
/opt/devkitpro/calico/lib/libcalico_ds9.a(arm-shims.32.o)
                              /opt/devkitpro/calico/lib/libcalico_ds9.a(thread_cold.o) (armWaitForIrq)
/opt/devkitpro/calico/lib/libcalico_ds9.a(arm-cache.32.o)
                              /opt/devkitpro/libnds/lib/libnds9.a(videoGL.o) (armDCacheFlush)
/opt/devkitpro/calico/lib/libcalico_ds9.a(bios.o)
                              /opt/devkitpro/libnds/lib/libnds9.a(videoGL.o) (svcCpuSet)
/opt/devkitpro/calico/lib/libcalico_ds9.a(keypad.o)
                              /opt/devkitpro/libnds/lib/libnds9.a(keys.o) (keypadGetState)
/opt/devkitpro/calico/lib/libcalico_ds9.a(pm.o)
                              Engine.o (pmMainLoop)
/opt/devkitpro/calico/lib/libcalico_ds9.a(bootstub_arm9.o)
                              (__ds9_bootstub)
/opt/devkitpro/calico/lib/libcalico_ds9.a(excpt_handler.32.o)
                              /opt/devkitpro/calico/lib/libcalico_ds9.a(bootstub_arm9.o) (__arm_excpt_rst)
/opt/devkitpro/calico/lib/libcalico_ds9.a(touch.o)
                              /opt/devkitpro/libnds/lib/libnds9.a(keys.o) (touchRead)
/opt/devkitpro/calico/lib/libcalico_ds9.a(mailbox.o)
                              /opt/devkitpro/calico/lib/libcalico_ds9.a(pm.o) (mailboxRecv)
/opt/devkitpro/calico/lib/libcalico_ds9.a(newlib_syscalls.o)
                              /opt/devkitpro/calico/lib/libcalico_ds9.a(bootstub_arm9.o) (__newlib_syscalls)
/opt/devkitpro/calico/lib/libcalico_ds9.a(startup.crt0.o)
                              /opt/devkitpro/calico/lib/libcalico_ds9.a(bootstub_arm9.o) (crt0Startup)
/opt/devkitpro/calico/lib/libcalico_ds9.a(utils.crt0.o)
                              /opt/devkitpro/calico/lib/libcalico_ds9.a(startup.crt0.o) (crt0CopyMem32)
/opt/devkitpro/calico/lib/libcalico_ds9.a(irq_handler.32.o)
                              /opt/devkitpro/calico/lib/libcalico_ds9.a(bootstub_arm9.o) (__arm_excpt_irq)
/opt/devkitpro/calico/lib/libcalico_ds9.a(pxi.o)
                              /opt/devkitpro/calico/lib/libcalico_ds9.a(startup.crt0.o) (_pxiInit)
/opt/devkitpro/calico/lib/libcalico_ds9.a(mpu_setup.crt0.o)
                              /opt/devkitpro/calico/lib/libcalico_ds9.a(startup.crt0.o) (crt0SetupMPU)
/opt/devkitpro/calico/lib/libcalico_ds9.a(sys_startup.o)
                              /opt/devkitpro/calico/lib/libcalico_ds9.a(startup.crt0.o) (systemStartup)
/opt/devkitpro/calico/lib/libcalico_ds9.a(mutex.o)
                              /opt/devkitpro/calico/lib/libcalico_ds9.a(newlib_syscalls.o) (mutexLock)
/opt/devkitpro/devkitARM/bin/../lib/gcc/arm-none-eabi/14.2.0/../../../../arm-none-eabi/lib/libstdc++.a(del_ops.o)
                              Animator.o (operator delete(void*, unsigned int))
[...]
Memory Configuration

Name             Origin             Length             Attributes
lma9             0x02004000         0x0027c000
lma9i            0x02400000         0x00280000
vectors          0x00000000         0x00000020
itcm             0x01ff8020         0x00007fe0
main             0x02001000         0x00f7f000
dtcm             0x02ff0000         0x00003e80
dldi             0x0380b000         0x00004000
stub             0x0e000000         0x00004000
tls              0x00000000         0x00000400
*default*        0x00000000         0xffffffff

Linker script and memory map

                0x020117cc                        __sync_synchronize = __sync_synchronize_none
LOAD /opt/devkitpro/devkitARM/bin/../lib/gcc/arm-none-eabi/14.2.0/crti.o
LOAD /opt/devkitpro/devkitARM/bin/../lib/gcc/arm-none-eabi/14.2.0/crtbegin.o
LOAD texture.bin.o
LOAD Animator.o
LOAD Camera3D.o
LOAD Engine.o
LOAD Input.o
LOAD Mesh3D.o
LOAD Node.o
LOAD Node3D.o
LOAD SceneTree.o
LOAD Timer.o
LOAD main.o
LOAD /opt/devkitpro/libnds/lib/libnds9.a
LOAD /opt/devkitpro/calico/lib/libcalico_ds9.a
LOAD /opt/devkitpro/devkitARM/bin/../lib/gcc/arm-none-eabi/14.2.0/../../../../arm-none-eabi/lib/libstdc++.a
LOAD /opt/devkitpro/devkitARM/bin/../lib/gcc/arm-none-eabi/14.2.0/../../../../arm-none-eabi/lib/libm.a
START GROUP
LOAD /opt/devkitpro/devkitARM/bin/../lib/gcc/arm-none-eabi/14.2.0/libgcc.a
LOAD /opt/devkitpro/devkitARM/bin/../lib/gcc/arm-none-eabi/14.2.0/../../../../arm-none-eabi/lib/libg.a
LOAD /opt/devkitpro/devkitARM/bin/../lib/gcc/arm-none-eabi/14.2.0/../../../../arm-none-eabi/lib/libc.a
LOAD /opt/devkitpro/devkitARM/bin/../lib/gcc/arm-none-eabi/14.2.0/../../../../arm-none-eabi/lib/libsysbase.a
END GROUP
LOAD /opt/devkitpro/devkitARM/bin/../lib/gcc/arm-none-eabi/14.2.0/crtend.o
LOAD /opt/devkitpro/devkitARM/bin/../lib/gcc/arm-none-eabi/14.2.0/crtn.o
                0x02ff3e80                        PROVIDE (__sp_usr = (ORIGIN (dtcm) + LENGTH (dtcm)))
                0x02ff3f80                        PROVIDE (__sp_irq = (__sp_usr + 0x100))
                0x02ff3fc0                        PROVIDE (__sp_svc = (__sp_irq + 0x40))
                0x02ff3ff8                        PROVIDE (__irq_flags = (__sp_svc + 0x38))
                [!provide]                        PROVIDE (__irq_vector = (__sp_svc + 0x3c))
                [!provide]                        PROVIDE (__arm_excpt_rst = 0xffff0000)
                [!provide]                        PROVIDE (__arm_excpt_und = 0xffff0004)
                0xffff0008                        PROVIDE (__arm_excpt_svc = 0xffff0008)
                [!provide]                        PROVIDE (__arm_excpt_pabt = 0xffff000c)
                [!provide]                        PROVIDE (__arm_excpt_dabt = 0xffff0010)
                [!provide]                        PROVIDE (__arm_excpt_irq = 0xffff0018)
                [!provide]                        PROVIDE (__arm_excpt_fiq = 0xffff001c)
                0x00000000                        PROVIDE (__end__ = 0x0)

.secure         0x0e000000      0x800 load address 0x02004000
                0x0e0007fc                        . = (. + 0x7fc)
 *fill*         0x0e000000      0x7fc 00000000
                0x0e0007fc        0x4 LONG 0x0

.bootstub       0x0e000800      0x190 load address 0x02004800
 *(.bootstub .bootstub.*)
 .bootstub.__ds9_bootstub
                0x0e000800      0x190 /opt/devkitpro/calico/lib/libcalico_ds9.a(bootstub_arm9.o)
                0x0e000800                __ds9_bootstub
                0x0e000990                        . = ALIGN (0x4)

.crt0           0x02001000      0x340 load address 0x02004990
 *(.crt0 .crt0.*)
 .crt0.__ds9_bootstub_trampoline
                0x02001000       0x20 /opt/devkitpro/calico/lib/libcalico_ds9.a(bootstub_arm9.o)
 *.crt0.*(.text .stub .text.* .gnu.linkonce.t.*)
 .text.crt0ProcessLoadList
                0x02001020       0x74 /opt/devkitpro/calico/lib/libcalico_ds9.a(startup.crt0.o)
                0x02001020                crt0ProcessLoadList
 .text.crt0Startup
                0x02001094      0x150 /opt/devkitpro/calico/lib/libcalico_ds9.a(startup.crt0.o)
                0x02001094                crt0Startup
 .text.crt0CopyMem32
                0x020011e4       0x4c /opt/devkitpro/calico/lib/libcalico_ds9.a(utils.crt0.o)
                0x020011e4                crt0CopyMem32
 .text.crt0FillMem32
                0x02001230       0x58 /opt/devkitpro/calico/lib/libcalico_ds9.a(utils.crt0.o)
                0x02001230                crt0FillMem32
 .text.crt0SetupMPU
                0x02001288       0xb4 /opt/devkitpro/calico/lib/libcalico_ds9.a(mpu_setup.crt0.o)
                0x02001288                crt0SetupMPU
 *.crt0.*(.glue_7t .glue_7 .vfp11_veneer .v4_bx)
 *.crt0.*(.rodata .rodata.* .gnu.linkonce.r.*)
 *.crt0.*(.rodata1)
                0x02001340                        . = ALIGN (0x20)
 *fill*         0x0200133c        0x4 ff
                0x02004990                        PROVIDE (__crt0_lma = LOADADDR (.crt0))
                0x02001000                        PROVIDE (__crt0_start = ADDR (.crt0))
                0x02001340                        PROVIDE (__crt0_end = (ADDR (.crt0) + SIZEOF (.crt0)))
                0x00000001                        ASSERT (((__crt0_end <= LOADADDR (.bootstub)) || (__crt0_start >= (LOADADDR (.bootstub) + SIZEOF (.bootstub)))), Error: crt0 section overlaps initial bootstrap)

.dldi           0x0380b000        0x0 load address 0x02004cd0
 *(.dldi)
                0x00000000                        PROVIDE (__dldi_lma = SIZEOF (.dldi)?LOADADDR (.dldi):0x0)

.vectors        0x00000000       0x20 load address 0x02004cd0
 *(.vectors)
 .vectors       0x00000000       0x20 /opt/devkitpro/calico/lib/libcalico_ds9.a(bootstub_arm9.o)

.itcm           0x01ff8020      0x6a8 load address 0x02004cf0
 *(.itcm .itcm.*)
 .itcm          0x01ff8020       0x30 /opt/devkitpro/calico/lib/libcalico_ds9.a(bootstub_arm9.o)
                0x01ff8038                __excpt_vectors
 *.itcm.*(.text .stub .text.* .gnu.linkonce.t.*)
 *.32.o(.text .stub .text.* .gnu.linkonce.t.*)
 .text.threadReschedule
                0x01ff8050       0x88 /opt/devkitpro/calico/lib/libcalico_ds9.a(thread_hot.32.o)
 .text.threadBlock
                0x01ff80d8       0xd4 /opt/devkitpro/calico/lib/libcalico_ds9.a(thread_hot.32.o)
                0x01ff80d8                threadBlock
 .text.threadUnblockOneByValue
                0x01ff81ac       0xc0 /opt/devkitpro/calico/lib/libcalico_ds9.a(thread_hot.32.o)
                0x01ff81ac                threadUnblockOneByValue
 .text.threadUnblockAllByValue
                0x01ff826c      0x144 /opt/devkitpro/calico/lib/libcalico_ds9.a(thread_hot.32.o)
                0x01ff826c                threadUnblockAllByValue
 .text.threadUnblockAllByMask
                0x01ff83b0      0x134 /opt/devkitpro/calico/lib/libcalico_ds9.a(thread_hot.32.o)
                0x01ff83b0                threadUnblockAllByMask
 .text.armContextSave
                0x01ff84e4       0x2c /opt/devkitpro/calico/lib/libcalico_ds9.a(arm-context.32.o)
                0x01ff84e4                armContextSave
 .text.armContextLoad
                0x01ff8510       0x20 /opt/devkitpro/calico/lib/libcalico_ds9.a(arm-context.32.o)
                0x01ff8510                armContextLoad
                0x01ff8514                armContextLoadFromSvc
 .text.armWaitForIrq
                0x01ff8530        0x8 /opt/devkitpro/calico/lib/libcalico_ds9.a(arm-shims.32.o)
                0x01ff8530                armWaitForIrq
 .text.armDrainWriteBuffer
                0x01ff8538        0xc /opt/devkitpro/calico/lib/libcalico_ds9.a(arm-cache.32.o)
                0x01ff8538                armDrainWriteBuffer
 .text.armDCacheFlushAll
                0x01ff8544       0x28 /opt/devkitpro/calico/lib/libcalico_ds9.a(arm-cache.32.o)
                0x01ff8544                armDCacheFlushAll
 .text.armDCacheFlush
                0x01ff856c       0x1c /opt/devkitpro/calico/lib/libcalico_ds9.a(arm-cache.32.o)
                0x01ff856c                armDCacheFlush
 .text.armICacheInvalidateAll
                0x01ff8588        0xc /opt/devkitpro/calico/lib/libcalico_ds9.a(arm-cache.32.o)
                0x01ff8588                armICacheInvalidateAll
 .text.__excpt_entry
                0x01ff8594       0x50 /opt/devkitpro/calico/lib/libcalico_ds9.a(excpt_handler.32.o)
                0x01ff8594                __arm_excpt_rst
                0x01ff8598                __arm_excpt_pabt
                0x01ff859c                __arm_excpt_und
                0x01ff85a8                __arm_excpt_dabt
 .text.__arm_excpt_irq
                0x01ff85e4       0xe4 /opt/devkitpro/calico/lib/libcalico_ds9.a(irq_handler.32.o)
                0x01ff85e4                __arm_excpt_irq
 *.itcm.*(.glue_7t .glue_7 .vfp11_veneer .v4_bx)
 *.32.o(.glue_7t .glue_7 .vfp11_veneer .v4_bx)
 *.itcm.*(.rodata .rodata.* .gnu.linkonce.r.*)
 *.32.o(.rodata .rodata.* .gnu.linkonce.r.*)
 *.itcm.*(.rodata1)
 *.32.o(.rodata1)
                0x01ff86c8                        . = ALIGN (0x4)
                0x02004cd0                        PROVIDE (__itcm_lma = LOADADDR (.vectors))
                0x01ff8000                        PROVIDE (__itcm_start = (ADDR (.itcm) - SIZEOF (.vectors)))
                0x01ff86c8                        PROVIDE (__itcm_end = (ADDR (.itcm) + SIZEOF (.itcm)))
                0x00000001                        ASSERT (((__itcm_lma + SIZEOF (.vectors)) == LOADADDR (.itcm)), Error: gap between vectors and itcm)

.dtcm           0x02ff0000        0x0 load address 0x02005398
 *(.dtcm .dtcm.*)
 *.32.o(.data .data.* .gnu.linkonce.d.*)
 *.32.o(.data1)
                0x02ff0000                        . = ALIGN (0x4)
                [!provide]                        PROVIDE (__dtcm_lma = LOADADDR (.dtcm))
                0x02ff0000                        PROVIDE (__dtcm_start = ADDR (.dtcm))
                0x02ff0000                        PROVIDE (__dtcm_end = (ADDR (.dtcm) + SIZEOF (.dtcm)))

.dtcm.bss       0x02ff0000       0x98 load address 0x02005398
 *(.sbss .sbss.*)
 *.32.o(.dynbss)
 *.32.o(.bss .bss.* .gnu.linkonce.b.*)
 .bss.__irq_table
                0x02ff0000       0x80 /opt/devkitpro/calico/lib/libcalico_ds9.a(thread_hot.32.o)
                0x02ff0000                __irq_table
 .bss.__sched_state
                0x02ff0080       0x18 /opt/devkitpro/calico/lib/libcalico_ds9.a(thread_hot.32.o)
                0x02ff0080                __sched_state
 *.32.o(COMMON)
                0x02ff0098                        . = ALIGN (0x4)
                [!provide]                        PROVIDE (__dtcm_bss_start = ADDR (.dtcm.bss))
                0x02ff0098                        PROVIDE (__dtcm_bss_end = (ADDR (.dtcm.bss) + SIZEOF (.dtcm.bss)))

.main           0x02001340    0x295bc load address 0x02005398
 *(SORT_NONE(.init))
 .init          0x02001340        0xc /opt/devkitpro/devkitARM/bin/../lib/gcc/arm-none-eabi/14.2.0/crti.o
                0x02001340                _init
 .init          0x0200134c        0xc /opt/devkitpro/devkitARM/bin/../lib/gcc/arm-none-eabi/14.2.0/crtn.o
 EXCLUDE_FILE(*.twl.*) *(.text.unlikely .text.*_unlikely .text.unlikely.*)
 .text.unlikely._ZN9__gnu_cxx30__throw_concurrence_lock_errorEv
                0x02001358       0x2c /opt/devkitpro/devkitARM/bin/../lib/gcc/arm-none-eabi/14.2.0/../../../../arm-none-eabi/lib/libstdc++.a(guard.o)
                0x02001358                __gnu_cxx::__throw_concurrence_lock_error()
 .text.unlikely._ZN9__gnu_cxx32__throw_concurrence_unlock_errorEv
                0x02001384       0x2c /opt/devkitpro/devkitARM/bin/../lib/gcc/arm-none-eabi/14.2.0/../../../../arm-none-eabi/lib/libstdc++.a(guard.o)
                0x02001384                __gnu_cxx::__throw_concurrence_unlock_error()
 .text.unlikely._ZN9__gnu_cxx35__throw_concurrence_broadcast_errorEv
                0x020013b0       0x2c /opt/devkitpro/devkitARM/bin/../lib/gcc/arm-none-eabi/14.2.0/../../../../arm-none-eabi/lib/libstdc++.a(guard.o)
                0x020013b0                __gnu_cxx::__throw_concurrence_broadcast_error()
 .text.unlikely._ZSt28__throw_bad_array_new_lengthv
                0x020013dc       0x2c /opt/devkitpro/devkitARM/bin/../lib/gcc/arm-none-eabi/14.2.0/../../../../arm-none-eabi/lib/libstdc++.a(functexcept.o)
                0x020013dc                std::__throw_bad_array_new_length()
 .text.unlikely._ZSt19__throw_logic_errorPKc
                0x02001408       0x40 /opt/devkitpro/devkitARM/bin/../lib/gcc/arm-none-eabi/14.2.0/../../../../arm-none-eabi/lib/libstdc++.a(functexcept.o)
                0x02001408                std::__throw_logic_error(char const*)
 .text.unlikely._ZSt20__throw_length_errorPKc
                0x02001448       0x40 /opt/devkitpro/devkitARM/bin/../lib/gcc/arm-none-eabi/14.2.0/../../../../arm-none-eabi/lib/libstdc++.a(functexcept.o)
                0x02001448                std::__throw_length_error(char const*)
 .text.unlikely._ZSt25__throw_bad_function_callv
                0x02001488       0x2c /opt/devkitpro/devkitARM/bin/../lib/gcc/arm-none-eabi/14.2.0/../../../../arm-none-eabi/lib/libstdc++.a(functional.o)
                0x02001488                std::__throw_bad_function_call()
 .text.unlikely._ZSt9terminatev
                0x020014b4        0xc /opt/devkitpro/devkitARM/bin/../lib/gcc/arm-none-eabi/14.2.0/../../../../arm-none-eabi/lib/libstdc++.a(eh_terminate.o)
                0x020014b4                std::terminate()
 .text.unlikely._ZSt10unexpectedv
                0x020014c0        0xc /opt/devkitpro/devkitARM/bin/../lib/gcc/arm-none-eabi/14.2.0/../../../../arm-none-eabi/lib/libstdc++.a(eh_terminate.o)
                0x020014c0                std::unexpected()
 .text.unlikely._ZN10__cxxabiv1L24__is_gxx_exception_classEPc
                0x020014cc       0x70 /opt/devkitpro/devkitARM/bin/../lib/gcc/arm-none-eabi/14.2.0/../../../../arm-none-eabi/lib/libstdc++.a(eh_call.o)
 .text.unlikely.__cxa_call_terminate
                0x0200153c       0x28 /opt/devkitpro/devkitARM/bin/../lib/gcc/arm-none-eabi/14.2.0/../../../../arm-none-eabi/lib/libstdc++.a(eh_call.o)
                0x0200153c                __cxa_call_terminate
 .text.unlikely.__cxa_call_unexpected
                0x02001564      0x140 /opt/devkitpro/devkitARM/bin/../lib/gcc/arm-none-eabi/14.2.0/../../../../arm-none-eabi/lib/libstdc++.a(eh_call.o)
                0x02001564                __cxa_call_unexpected
 .text.unlikely._Unwind_GetDataRelBase
                0x020016a4        0x8 /opt/devkitpro/devkitARM/bin/../lib/gcc/arm-none-eabi/14.2.0/libgcc.a(pr-support.o)
                0x020016a4                _Unwind_GetDataRelBase
 .text.unlikely._Unwind_GetTextRelBase
                0x020016ac        0x8 /opt/devkitpro/devkitARM/bin/../lib/gcc/arm-none-eabi/14.2.0/libgcc.a(pr-support.o)
                0x020016ac                _Unwind_GetTextRelBase
 EXCLUDE_FILE(*.twl.*) *(.text.exit .text.exit.*)
 .text.exit._ZNSt8_Rb_treeIiSt4pairIKiSt6vectorISt8functionIFvvEESaIS5_EEESt10_Select1stIS8_ESt4lessIiESaIS8_EE8_M_eraseEPSt13_Rb_tree_nodeIS8_E.isra.0
                0x020016b4       0x88 Input.o
 .text.exit._ZNSt8_Rb_treeINSt7__cxx1112basic_stringIcSt11char_traitsIcESaIcEEESt4pairIKS5_iESt10_Select1stIS8_ESt4lessIS5_ESaIS8_EE8_M_eraseEPSt13_Rb_tree_nodeIS8_E.isra.0
                0x0200173c       0x50 Input.o
 .text.exit._GLOBAL__sub_D__ZN5Input8bindingsB5cxx11E
                0x0200178c       0x48 Input.o
 .text.exit._GLOBAL__sub_D_cubeVertices
                0x020017d4       0x2c main.o
 .text.exit._GLOBAL__sub_D__ZN17__eh_globals_init7_S_initE
                0x02001800       0x38 /opt/devkitpro/devkitARM/bin/../lib/gcc/arm-none-eabi/14.2.0/../../../../arm-none-eabi/lib/libstdc++.a(eh_globals.o)
 .text.exit     0x02001838       0x30 /opt/devkitpro/devkitARM/bin/../lib/gcc/arm-none-eabi/14.2.0/../../../../arm-none-eabi/lib/libg.a(libc_a-exit.o)
                0x02001838                exit
 EXCLUDE_FILE(*.twl.*) *(.text.startup .text.startup.*)
 .text.startup._GLOBAL__sub_I__ZN5Input8bindingsB5cxx11E
                0x02001868       0x88 Input.o
 .text.startup._Z41__static_initialization_and_destruction_0v
                0x020018f0      0x354 main.o
 .text.startup.main
                0x02001c44      0xdf4 main.o
                0x02001c44                main
 .text.startup._GLOBAL__sub_I_cubeVertices
                0x02002a38        0x4 main.o
 .text.startup._GLOBAL__sub_I__ZN9__gnu_cxx9__freeresEv
                0x02002a3c      0x1b8 /opt/devkitpro/devkitARM/bin/../lib/gcc/arm-none-eabi/14.2.0/../../../../arm-none-eabi/lib/libstdc++.a(eh_alloc.o)
 .text.startup._GLOBAL__sub_I__ZN17__eh_globals_init7_S_initE
                0x02002bf4       0x44 /opt/devkitpro/devkitARM/bin/../lib/gcc/arm-none-eabi/14.2.0/../../../../arm-none-eabi/lib/libstdc++.a(eh_globals.o)
 .text.startup._GLOBAL__sub_I__ZN10__cxxabiv111__terminateEPFvvE
                0x02002c38       0x20 /opt/devkitpro/devkitARM/bin/../lib/gcc/arm-none-eabi/14.2.0/../../../../arm-none-eabi/lib/libstdc++.a(eh_terminate.o)
 .text.startup._GLOBAL__sub_I__ZSt7nothrow
                0x02002c58       0x20 /opt/devkitpro/devkitARM/bin/../lib/gcc/arm-none-eabi/14.2.0/../../../../arm-none-eabi/lib/libstdc++.a(new_handler.o)
 EXCLUDE_FILE(*.twl.*) *(.text.hot .text.hot.*)
 EXCLUDE_FILE(*.twl.*) *(.text .iplt .stub .text.* .gnu.linkonce.t.*)
 .text.__do_global_dtors_aux
                0x02002c78       0x40 /opt/devkitpro/devkitARM/bin/../lib/gcc/arm-none-eabi/14.2.0/crtbegin.o
 .text.frame_dummy
                0x02002cb8       0x30 /opt/devkitpro/devkitARM/bin/../lib/gcc/arm-none-eabi/14.2.0/crtbegin.o
 .iplt          0x02002ce8        0x0 /opt/devkitpro/devkitARM/bin/../lib/gcc/arm-none-eabi/14.2.0/crtbegin.o
 .text._ZNK8Animator7GetTypeEv
                0x02002ce8        0x8 Animator.o
                0x02002ce8                Animator::GetType() const
 .text._ZN8AnimatorD2Ev
                0x02002cf0       0x3c Animator.o
                0x02002cf0                Animator::~Animator()
                0x02002cf0                Animator::~Animator()
 .text._ZN8AnimatorD0Ev
                0x02002d2c       0x48 Animator.o
                0x02002d2c                Animator::~Animator()
 .text._ZN13AnimationData11InterpolateEf
                0x02002d74      0x354 Animator.o
                0x02002d74                AnimationData::Interpolate(float)
 .text._ZN8AnimatorC2EP6Node3D13AnimationData
                0x020030c8       0xf4 Animator.o
                0x020030c8                Animator::Animator(Node3D*, AnimationData)
                0x020030c8                Animator::Animator(Node3D*, AnimationData)
 .text._ZN8Animator6UpdateEv
                0x020031bc       0x58 Animator.o
                0x020031bc                Animator::Update()
 .text._ZNK8Camera3D7GetTypeEv
                0x02003214        0x8 Camera3D.o
                0x02003214                Camera3D::GetType() const
 .text._ZN8Camera3DD2Ev
                0x0200321c       0x20 Camera3D.o
                0x0200321c                Camera3D::~Camera3D()
                0x0200321c                Camera3D::~Camera3D()
 .text._ZN8Camera3DD0Ev
                0x0200323c       0x2c Camera3D.o
                0x0200323c                Camera3D::~Camera3D()
 .text._ZN8Camera3D13UpdateLoadMVPEv
                0x02003268      0x7f8 Camera3D.o
                0x02003268                Camera3D::UpdateLoadMVP()
 .text._ZN8Camera3DC2Ev
                0x02003a60       0x58 Camera3D.o
                0x02003a60                Camera3D::Camera3D()
                0x02003a60                Camera3D::Camera3D()
 .text._ZN8Camera3D6UpdateEv
                0x02003ab8        0x4 Camera3D.o
                0x02003ab8                Camera3D::Update()
 .text._ZN6EngineD2Ev
                0x02003abc      0x100 Engine.o
                0x02003abc                Engine::~Engine()
                0x02003abc                Engine::~Engine()
 .text._ZN6Engine4InitEv
                0x02003bbc       0xac Engine.o
                0x02003bbc                Engine::Init()
 .text._ZN6EngineC2Ev
                0x02003c68       0x24 Engine.o
                0x02003c68                Engine::Engine()
                0x02003c68                Engine::Engine()
 *fill*         0x02003c8c        0x4 ff
 .text._ZN6Engine5StartEv
                0x02003c90      0x310 Engine.o
                0x02003c90                Engine::Start()
 .text.__tcf_0  0x02003fa0        0xc Engine.o
 .text._ZNK6Mesh3D7GetTypeEv
                0x02003fac        0x8 Mesh3D.o
                0x02003fac                Mesh3D::GetType() const
 .text._ZN6Mesh3DD2Ev
                0x02003fb4       0x20 Mesh3D.o
                0x02003fb4                Mesh3D::~Mesh3D()
                0x02003fb4                Mesh3D::~Mesh3D()
 .text._ZN6Mesh3DD0Ev
                0x02003fd4       0x2c Mesh3D.o
                0x02003fd4                Mesh3D::~Mesh3D()
 .text._ZN8Renderer4DrawEP6Mesh3D
                0x02004000      0x554 Mesh3D.o
                0x02004000                Renderer::Draw(Mesh3D*)
 .text._ZN6Mesh3D4DrawEv
                0x02004554       0x48 Mesh3D.o
                0x02004554                Mesh3D::Draw()
 .text._ZN6Mesh3DC2Ev
                0x0200459c       0x20 Mesh3D.o
                0x0200459c                Mesh3D::Mesh3D()
                0x0200459c                Mesh3D::Mesh3D()
 .text._ZN6Mesh3D6UpdateEv
                0x020045bc       0x70 Mesh3D.o
                0x020045bc                Mesh3D::Update()
 .text._ZNK4Node7GetTypeEv
                0x0200462c        0x8 Node.o
                0x0200462c                Node::GetType() const
 .text._ZN4NodeD2Ev
                0x02004634       0xf8 Node.o
                0x02004634                Node::~Node()
                0x02004634                Node::~Node()
 .text._ZN4NodeD0Ev
                0x0200472c       0x20 Node.o
                0x0200472c                Node::~Node()
 .text._ZN4Node6UpdateEv
                0x0200474c       0x98 Node.o
                0x0200474c                Node::Update()
 .text._ZN4NodeC2Ev
                0x020047e4       0x1c Node.o
                0x020047e4                Node::Node()
                0x020047e4                Node::Node()
 .text._ZNSt6vectorIP4NodeSaIS1_EE17_M_realloc_appendIJRS1_EEEvDpOT_
                0x02004800       0xc4 Node.o
                0x02004800                void std::vector<Node*, std::allocator<Node*> >::_M_realloc_append<Node*&>(Node*&)
 .text._ZN4Node8AddChildEPS_
                0x020048c4       0x50 Node.o
                0x020048c4                Node::AddChild(Node*)
 .text._ZNK6Node3D7GetTypeEv
                0x02004914        0x8 Node3D.o
                0x02004914                Node3D::GetType() const
 .text._ZN6Node3DD2Ev
                0x0200491c       0x20 Node3D.o
                0x0200491c                Node3D::~Node3D()
                0x0200491c                Node3D::~Node3D()
 .text._ZN6Node3DD0Ev
                0x0200493c       0x2c Node3D.o
                0x0200493c                Node3D::~Node3D()
 .text._ZN6Node3DC2Ev
                0x02004968       0x78 Node3D.o
                0x02004968                Node3D::Node3D()
                0x02004968                Node3D::Node3D()
 .text._ZN6Node3D16GetLocalRotationEv
                0x020049e0       0x18 Node3D.o
                0x020049e0                Node3D::GetLocalRotation()
 .text._ZN6Node3D16SetLocalPositionEN3glm3vecILi3EfLNS0_9qualifierE0EEE
                0x020049f8       0x28 Node3D.o
                0x020049f8                Node3D::SetLocalPosition(glm::vec<3, float, (glm::qualifier)0>)
 .text._ZN6Node3D13SetLocalScaleEN3glm3vecILi3EfLNS0_9qualifierE0EEE
                0x02004a20       0x28 Node3D.o
                0x02004a20                Node3D::SetLocalScale(glm::vec<3, float, (glm::qualifier)0>)
 .text._ZN6Node3D17GetGlobalRotationEv
                0x02004a48       0xcc Node3D.o
                0x02004a48                Node3D::GetGlobalRotation()
 .text._ZN6Node3D14GetGlobalScaleEv
                0x02004b14       0xcc Node3D.o
                0x02004b14                Node3D::GetGlobalScale()
 .text._ZN6Node3D10GetForwardEv
                0x02004be0       0x18 Node3D.o
                0x02004be0                Node3D::GetForward()
 .text._ZN6Node3D5GetUpEv
                0x02004bf8       0x18 Node3D.o
                0x02004bf8                Node3D::GetUp()
 .text._ZN6Node3D8GetRightEv
                0x02004c10       0x18 Node3D.o
                0x02004c10                Node3D::GetRight()
 .text._ZN3glm6rotateIfLNS_9qualifierE0EEENS_3matILi4ELi4ET_XT0_EEERKS4_S3_RKNS_3vecILi3ES3_XT0_EEE
                0x02004c28      0x5fc Node3D.o
                0x02004c28                glm::mat<4, 4, float, (glm::qualifier)0> glm::rotate<float, (glm::qualifier)0>(glm::mat<4, 4, float, (glm::qualifier)0> const&, float, glm::vec<3, float, (glm::qualifier)0> const&)
 .text._ZN6Node3D17GetGlobalPositionEv
                0x02005224      0x30c Node3D.o
                0x02005224                Node3D::GetGlobalPosition()
 .text._ZN6Node3D17SetGlobalPositionEN3glm3vecILi3EfLNS0_9qualifierE0EEE
                0x02005530       0xd0 Node3D.o
                0x02005530                Node3D::SetGlobalPosition(glm::vec<3, float, (glm::qualifier)0>)
 .text._ZN6Node3D16SetLocalRotationEN3glm3vecILi3EfLNS0_9qualifierE0EEE
                0x02005600      0x540 Node3D.o
                0x02005600                Node3D::SetLocalRotation(glm::vec<3, float, (glm::qualifier)0>)
 .text._ZN6Node3D6UpdateEv
                0x02005b40        0x4 Node3D.o
                0x02005b40                Node3D::Update()
 .text._ZN9SceneTree7GetRootEv
                0x02005b44        0x4 SceneTree.o
                0x02005b44                SceneTree::GetRoot()
 .text._ZNK5Timer7GetTypeEv
                0x02005b48        0x8 Timer.o
                0x02005b48                Timer::GetType() const
 .text._ZN5Timer5StartEf
                0x02005b50       0x10 Timer.o
                0x02005b50                Timer::Start(float)
 .text._ZN5Timer5PauseEv
                0x02005b60        0xc Timer.o
                0x02005b60                Timer::Pause()
                0x02005b60                Timer::Stop()
 .text._ZN5Timer7UnpauseEv
                0x02005b6c        0xc Timer.o
                0x02005b6c                Timer::Unpause()
 .text._ZN5TimerD2Ev
                0x02005b78       0x40 Timer.o
                0x02005b78                Timer::~Timer()
                0x02005b78                Timer::~Timer()
 .text._ZN5Timer7RestartEv
                0x02005bb8       0x78 Timer.o
                0x02005bb8                Timer::Restart()
 .text._ZN5TimerD0Ev
                0x02005c30       0x4c Timer.o
                0x02005c30                Timer::~Timer()
 .text._ZN5TimerC2Eb
                0x02005c7c       0x54 Timer.o
                0x02005c7c                Timer::Timer(bool)
                0x02005c7c                Timer::Timer(bool)
 .text._ZN5Timer6UpdateEv
                0x02005cd0      0x110 Timer.o
                0x02005cd0                Timer::Update()
 .text._ZNSt17_Function_handlerIFvvEPS0_E9_M_invokeERKSt9_Any_data
                0x02005de0        0x8 main.o
                0x02005de0                std::_Function_handler<void (), void (*)()>::_M_invoke(std::_Any_data const&)
 .text._ZNSt17_Function_handlerIFvvEZ4mainEUlvE1_E9_M_invokeERKSt9_Any_data
                0x02005de8      0x188 main.o
 .text._ZNSt17_Function_handlerIFvvEZ4mainEUlvE_E10_M_managerERSt9_Any_dataRKS3_St18_Manager_operation
                0x02005f70       0x1c main.o
 .text._ZSt13__adjust_heapIN9__gnu_cxx17__normal_iteratorIP8KeyframeSt6vectorIS2_SaIS2_EEEEiS2_NS0_5__ops15_Iter_comp_iterIZN13AnimationData11AddKeyframeES2_EUlRKS2_SC_E_EEEvT_T0_SG_T1_T2_.isra.0
                0x02005f8c      0x21c main.o
 .text._ZSt25__unguarded_linear_insertIN9__gnu_cxx17__normal_iteratorIP8KeyframeSt6vectorIS2_SaIS2_EEEENS0_5__ops14_Val_comp_iterIZN13AnimationData11AddKeyframeES2_EUlRKS2_SC_E_EEEvT_T0_.isra.0
                0x020061a8       0xa8 main.o
 .text._ZNSt8_Rb_treeIiSt4pairIKiSt6vectorISt8functionIFvvEESaIS5_EEESt10_Select1stIS8_ESt4lessIiESaIS8_EE24_M_get_insert_unique_posERS1_.isra.0
                0x02006250       0xa0 main.o
 .text._ZSt16__insertion_sortIN9__gnu_cxx17__normal_iteratorIP8KeyframeSt6vectorIS2_SaIS2_EEEENS0_5__ops15_Iter_comp_iterIZN13AnimationData11AddKeyframeES2_EUlRKS2_SC_E_EEEvT_SF_T0_.isra.0
                0x020062f0       0xf8 main.o
 .text._ZNSt17_Function_handlerIFvvEZ4mainEUlvE0_E10_M_managerERSt9_Any_dataRKS3_St18_Manager_operation
                0x020063e8       0x40 main.o
 .text._ZNSt17_Function_handlerIFvvEPS0_E10_M_managerERSt9_Any_dataRKS3_St18_Manager_operation
                0x02006428       0x40 main.o
                0x02006428                std::_Function_handler<void (), void (*)()>::_M_manager(std::_Any_data&, std::_Any_data const&, std::_Manager_operation)
 .text._ZNSt7__cxx1112basic_stringIcSt11char_traitsIcESaIcEEC2IS3_EEPKcRKS3_.constprop.0.isra.0
                0x02006468       0xac main.o
 .text._ZNSt6vectorI4FaceSaIS0_EEaSERKS2_.isra.0
                0x02006514      0x154 main.o
 .text._ZNSt6vectorI6VertexSaIS0_EEaSERKS2_.isra.0
                0x02006668      0x174 main.o
 .text._ZNSt17_Function_handlerIFvvEZ4mainEUlvE_E9_M_invokeERKSt9_Any_data
                0x020067dc       0x38 main.o
 .text._Z19DrawDebugPlaneFloorv
                0x02006814      0x178 main.o
                0x02006814                DrawDebugPlaneFloor()
 .text._ZNSt17_Function_handlerIFvvEZ4mainEUlvE1_E10_M_managerERSt9_Any_dataRKS3_St18_Manager_operation
                0x0200698c       0x78 main.o
 .text._ZSt14__relocate_a_1IPSt8functionIFvvEES3_SaIS2_EET0_T_S6_S5_RT1_.isra.0
                0x02006a04       0x68 main.o
 .text._ZNSt17_Function_handlerIFvvEZ4mainEUlvE0_E9_M_invokeERKSt9_Any_data
                0x02006a6c      0x144 main.o
 .text._ZNSt8_Rb_treeINSt7__cxx1112basic_stringIcSt11char_traitsIcESaIcEEESt4pairIKS5_iESt10_Select1stIS8_ESt4lessIS5_ESaIS8_EE24_M_get_insert_unique_posERS7_.isra.0
                0x02006bb0      0x110 main.o
 .text._ZNSt14_Function_baseD2Ev
                0x02006cc0       0x28 main.o
                0x02006cc0                std::_Function_base::~_Function_base()
                0x02006cc0                std::_Function_base::~_Function_base()
 .text._ZNSt12_Vector_baseI8KeyframeSaIS0_EED2Ev
                0x02006ce8       0x28 main.o
                0x02006ce8                std::_Vector_base<Keyframe, std::allocator<Keyframe> >::~_Vector_base()
                0x02006ce8                std::_Vector_base<Keyframe, std::allocator<Keyframe> >::~_Vector_base()
 .text._ZNSt6vectorI6VertexSaIS0_EEC2ESt16initializer_listIS0_ERKS1_
                0x02006d10       0x98 main.o
                0x02006d10                std::vector<Vertex, std::allocator<Vertex> >::vector(std::initializer_list<Vertex>, std::allocator<Vertex> const&)
                0x02006d10                std::vector<Vertex, std::allocator<Vertex> >::vector(std::initializer_list<Vertex>, std::allocator<Vertex> const&)
 .text._ZNSt12_Vector_baseI6VertexSaIS0_EED2Ev
                0x02006da8       0x28 main.o
                0x02006da8                std::_Vector_base<Vertex, std::allocator<Vertex> >::~_Vector_base()
                0x02006da8                std::_Vector_base<Vertex, std::allocator<Vertex> >::~_Vector_base()
 .text._ZNSt12_Vector_baseI4FaceSaIS0_EED2Ev
                0x02006dd0       0x28 main.o
                0x02006dd0                std::_Vector_base<Face, std::allocator<Face> >::~_Vector_base()
                0x02006dd0                std::_Vector_base<Face, std::allocator<Face> >::~_Vector_base()
 .text._ZN9SingletonI9SceneTreeE11GetInstanceEv
                0x02006df8       0x48 main.o
                0x02006df8                Singleton<SceneTree>::GetInstance()
 .text._ZNSt8_Rb_treeINSt7__cxx1112basic_stringIcSt11char_traitsIcESaIcEEESt4pairIKS5_iESt10_Select1stIS8_ESt4lessIS5_ESaIS8_EE4findERS7_
                0x02006e40       0xb8 main.o
                0x02006e40                std::_Rb_tree<std::__cxx11::basic_string<char, std::char_traits<char>, std::allocator<char> >, std::pair<std::__cxx11::basic_string<char, std::char_traits<char>, std::allocator<char> > const, int>, std::_Select1st<std::pair<std::__cxx11::basic_string<char, std::char_traits<char>, std::allocator<char> > const, int> >, std::less<std::__cxx11::basic_string<char, std::char_traits<char>, std::allocator<char> > >, std::allocator<std::pair<std::__cxx11::basic_string<char, std::char_traits<char>, std::allocator<char> > const, int> > >::find(std::__cxx11::basic_string<char, std::char_traits<char>, std::allocator<char> > const&)
 .text._ZNSt8_Rb_treeINSt7__cxx1112basic_stringIcSt11char_traitsIcESaIcEEESt4pairIKS5_iESt10_Select1stIS8_ESt4lessIS5_ESaIS8_EE22_M_emplace_hint_uniqueIJRKSt21piecewise_construct_tSt5tupleIJRS7_EESJ_IJEEEEESt17_Rb_tree_iteratorIS8_ESt23_Rb_tree_const_iteratorIS8_EDpOT_
                0x02006ef8      0x3b8 main.o
                0x02006ef8                std::_Rb_tree_iterator<std::pair<std::__cxx11::basic_string<char, std::char_traits<char>, std::allocator<char> > const, int> > std::_Rb_tree<std::__cxx11::basic_string<char, std::char_traits<char>, std::allocator<char> >, std::pair<std::__cxx11::basic_string<char, std::char_traits<char>, std::allocator<char> > const, int>, std::_Select1st<std::pair<std::__cxx11::basic_string<char, std::char_traits<char>, std::allocator<char> > const, int> >, std::less<std::__cxx11::basic_string<char, std::char_traits<char>, std::allocator<char> > >, std::allocator<std::pair<std::__cxx11::basic_string<char, std::char_traits<char>, std::allocator<char> > const, int> > >::_M_emplace_hint_unique<std::piecewise_construct_t const&, std::tuple<std::__cxx11::basic_string<char, std::char_traits<char>, std::allocator<char> > const&>, std::tuple<> >(std::_Rb_tree_const_iterator<std::pair<std::__cxx11::basic_string<char, std::char_traits<char>, std::allocator<char> > const, int> >, std::piecewise_construct_t const&, std::tuple<std::__cxx11::basic_string<char, std::char_traits<char>, std::allocator<char> > const&>&&, std::tuple<>&&)
 .text._Z11MoveForwardv
                0x020072b0      0x220 main.o
                0x020072b0                MoveForward()
 .text._Z9MoveRightv
                0x020074d0      0x228 main.o
                0x020074d0                MoveRight()
 .text._Z8MoveLeftv
                0x020076f8      0x234 main.o
                0x020076f8                MoveLeft()
 .text._Z12MoveBackwardv
                0x0200792c      0x25c main.o
                0x0200792c                MoveBackward()
 .text._ZN5Input13AddBindingKeyENSt7__cxx1112basic_stringIcSt11char_traitsIcESaIcEEEi
                0x02007b88      0x1e8 main.o
                0x02007b88                Input::AddBindingKey(std::__cxx11::basic_string<char, std::char_traits<char>, std::allocator<char> >, int)
 .text._Z23ProcessCameraTurnInputsv
                0x02007d70      0x470 main.o
                0x02007d70                ProcessCameraTurnInputs()
 .text._ZNSt8_Rb_treeIiSt4pairIKiSt6vectorISt8functionIFvvEESaIS5_EEESt10_Select1stIS8_ESt4lessIiESaIS8_EE22_M_emplace_hint_uniqueIJRKSt21piecewise_construct_tSt5tupleIJRS1_EESJ_IJEEEEESt17_Rb_tree_iteratorIS8_ESt23_Rb_tree_const_iteratorIS8_EDpOT_
                0x020081e0      0x180 main.o
                0x020081e0                std::_Rb_tree_iterator<std::pair<int const, std::vector<std::function<void ()>, std::allocator<std::function<void ()> > > > > std::_Rb_tree<int, std::pair<int const, std::vector<std::function<void ()>, std::allocator<std::function<void ()> > > >, std::_Select1st<std::pair<int const, std::vector<std::function<void ()>, std::allocator<std::function<void ()> > > > >, std::less<int>, std::allocator<std::pair<int const, std::vector<std::function<void ()>, std::allocator<std::function<void ()> > > > > >::_M_emplace_hint_unique<std::piecewise_construct_t const&, std::tuple<int const&>, std::tuple<> >(std::_Rb_tree_const_iterator<std::pair<int const, std::vector<std::function<void ()>, std::allocator<std::function<void ()> > > > >, std::piecewise_construct_t const&, std::tuple<int const&>&&, std::tuple<>&&)
 .text._ZNSt6vectorISt8functionIFvvEESaIS2_EE17_M_realloc_appendIJRS2_EEEvDpOT_
                0x02008360      0x134 main.o
                0x02008360                void std::vector<std::function<void ()>, std::allocator<std::function<void ()> > >::_M_realloc_append<std::function<void ()>&>(std::function<void ()>&)
 .text._ZN5Input9AddOnHeldENSt7__cxx1112basic_stringIcSt11char_traitsIcESaIcEEESt8functionIFvvEE
                0x02008494      0x2a8 main.o
                0x02008494                Input::AddOnHeld(std::__cxx11::basic_string<char, std::char_traits<char>, std::allocator<char> >, std::function<void ()>)
 .text._ZNSt6vectorISt8functionIFvvEESaIS2_EE17_M_realloc_appendIJRS1_EEEvDpOT_
                0x0200873c      0x114 main.o
                0x0200873c                void std::vector<std::function<void ()>, std::allocator<std::function<void ()> > >::_M_realloc_append<void (&)()>(void (&)())
 .text._ZSt16__introsort_loopIN9__gnu_cxx17__normal_iteratorIP8KeyframeSt6vectorIS2_SaIS2_EEEEiNS0_5__ops15_Iter_comp_iterIZN13AnimationData11AddKeyframeES2_EUlRKS2_SC_E_EEEvT_SF_T0_T1_
                0x02008850      0x3b0 main.o
                0x02008850                void std::__introsort_loop<__gnu_cxx::__normal_iterator<Keyframe*, std::vector<Keyframe, std::allocator<Keyframe> > >, int, __gnu_cxx::__ops::_Iter_comp_iter<AnimationData::AddKeyframe(Keyframe)::{lambda(Keyframe const&, Keyframe const&)#1}> >(__gnu_cxx::__normal_iterator<Keyframe*, std::vector<Keyframe, std::allocator<Keyframe> > >, __gnu_cxx::__normal_iterator<Keyframe*, std::vector<Keyframe, std::allocator<Keyframe> > >, int, __gnu_cxx::__ops::_Iter_comp_iter<AnimationData::AddKeyframe(Keyframe)::{lambda(Keyframe const&, Keyframe const&)#1}>)
 .text._ZN13AnimationData11AddKeyframeE8Keyframe
                0x02008c00      0x23c main.o
                0x02008c00                AnimationData::AddKeyframe(Keyframe)
 .text.__tcf_0  0x02008e3c        0xc main.o
 .text.newRow   0x02008e48       0xdc /opt/devkitpro/libnds/lib/libnds9.a(console.o)
 .text.consolePrintChar
                0x02008f24       0xe0 /opt/devkitpro/libnds/lib/libnds9.a(console.o)
                0x02008f24                consolePrintChar
 .text.con_write
                0x02009004      0x320 /opt/devkitpro/libnds/lib/libnds9.a(console.o)
                0x02009004                con_write
 .text.consoleLoadFont
                0x02009324      0x314 /opt/devkitpro/libnds/lib/libnds9.a(console.o)
                0x02009324                consoleLoadFont
 .text.consoleInit
                0x02009638      0x18c /opt/devkitpro/libnds/lib/libnds9.a(console.o)
                0x02009638                consoleInit
 .text.consoleDemoInit
                0x020097c4       0x40 /opt/devkitpro/libnds/lib/libnds9.a(console.o)
                0x020097c4                consoleDemoInit
 .text.consoleClear
                0x02009804       0x10 /opt/devkitpro/libnds/lib/libnds9.a(console.o)
                0x02009804                consoleClear
 .text.scanKeys
                0x02009814       0x6c /opt/devkitpro/libnds/lib/libnds9.a(keys.o)
                0x02009814                scanKeys
 .text.keysHeld
                0x02009880        0xc /opt/devkitpro/libnds/lib/libnds9.a(keys.o)
                0x02009880                keysHeld
 .text.keysDown
                0x0200988c       0x10 /opt/devkitpro/libnds/lib/libnds9.a(keys.o)
                0x0200988c                keysDown
 .text.keysUp   0x0200989c       0x10 /opt/devkitpro/libnds/lib/libnds9.a(keys.o)
                0x0200989c                keysUp
 .text.sinLutLookup
                0x020098ac       0x4c /opt/devkitpro/libnds/lib/libnds9.a(trig.o)
                0x020098ac                sinLutLookup
 .text.sinLerp  0x020098f8       0x38 /opt/devkitpro/libnds/lib/libnds9.a(trig.o)
                0x020098f8                sinLerp
 .text.cosLerp  0x02009930       0x48 /opt/devkitpro/libnds/lib/libnds9.a(trig.o)
                0x02009930                cosLerp
 .text.tanLerp  0x02009978       0xb0 /opt/devkitpro/libnds/lib/libnds9.a(trig.o)
                0x02009978                tanLerp
 .text.glMaterialf
                0x02009a28       0x7c /opt/devkitpro/libnds/lib/libnds9.a(videoGL_base.o)
                0x02009a28                glMaterialf
 .text.glInit   0x02009aa4       0xdc /opt/devkitpro/libnds/lib/libnds9.a(videoGL_base.o)
                0x02009aa4                glInit
 .text.vramBlock__deallocateBlock.part.0
                0x02009b80      0x1b0 /opt/devkitpro/libnds/lib/libnds9.a(videoGL.o)
 .text.vramBlock_init
                0x02009d30       0x5c /opt/devkitpro/libnds/lib/libnds9.a(videoGL.o)
                0x02009d30                vramBlock_init
 .text.vramBlock__allocateBlock
                0x02009d8c      0x17c /opt/devkitpro/libnds/lib/libnds9.a(videoGL.o)
                0x02009d8c                vramBlock__allocateBlock
 .text.vramBlock_examineSpecial
                0x02009f08      0x26c /opt/devkitpro/libnds/lib/libnds9.a(videoGL.o)
                0x02009f08                vramBlock_examineSpecial
 .text.vramBlock_allocateSpecial
                0x0200a174       0x6c /opt/devkitpro/libnds/lib/libnds9.a(videoGL.o)
                0x0200a174                vramBlock_allocateSpecial
 .text.vramBlock_allocateBlock
                0x0200a1e0       0x30 /opt/devkitpro/libnds/lib/libnds9.a(videoGL.o)
                0x0200a1e0                vramBlock_allocateBlock
 .text.vramBlock_deallocateBlock
                0x0200a210       0x44 /opt/devkitpro/libnds/lib/libnds9.a(videoGL.o)
                0x0200a210                vramBlock_deallocateBlock
 .text.removePaletteFromTexture.part.0
                0x0200a254       0x7c /opt/devkitpro/libnds/lib/libnds9.a(videoGL.o)
 .text._glInitGlobals
                0x0200a2d0       0xc8 /opt/devkitpro/libnds/lib/libnds9.a(videoGL.o)
                0x0200a2d0                _glInitGlobals
 .text.glGenTextures
                0x0200a398       0x90 /opt/devkitpro/libnds/lib/libnds9.a(videoGL.o)
                0x0200a398                glGenTextures
 .text.glDeleteTextures
                0x0200a428       0xd8 /opt/devkitpro/libnds/lib/libnds9.a(videoGL.o)
                0x0200a428                glDeleteTextures
 .text.vramGetBank
                0x0200a500       0xb8 /opt/devkitpro/libnds/lib/libnds9.a(videoGL.o)
                0x0200a500                vramGetBank
 .text.glBindTexture
                0x0200a5b8       0x5c /opt/devkitpro/libnds/lib/libnds9.a(videoGL.o)
                0x0200a5b8                glBindTexture
 .text.glTexImage2D
                0x0200a614      0x408 /opt/devkitpro/libnds/lib/libnds9.a(videoGL.o)
                0x0200a614                glTexImage2D
 .text.cpuStartTiming
                0x0200aa1c       0x14 /opt/devkitpro/libnds/lib/libnds9.a(timers.o)
                0x0200aa1c                cpuStartTiming
 .text.cpuGetTiming
                0x0200aa30       0x18 /opt/devkitpro/libnds/lib/libnds9.a(timers.o)
                0x0200aa30                cpuGetTiming
 .text.checkIfText
                0x0200aa48       0x6c /opt/devkitpro/libnds/lib/libnds9.a(background.o)
                0x0200aa48                checkIfText
 .text.bgUpdate
                0x0200aab4       0xf4 /opt/devkitpro/libnds/lib/libnds9.a(background.o)
                0x0200aab4                bgUpdate
 .text.bgInit_call
                0x0200aba8       0xb0 /opt/devkitpro/libnds/lib/libnds9.a(background.o)
                0x0200aba8                bgInit_call
 .text.bgInitSub_call
                0x0200ac58       0xb8 /opt/devkitpro/libnds/lib/libnds9.a(background.o)
                0x0200ac58                bgInitSub_call
 .text.DynamicArrayInit
                0x0200ad10       0x18 /opt/devkitpro/libnds/lib/libnds9.a(dynamicArray.o)
                0x0200ad10                DynamicArrayInit
 .text.DynamicArrayGet
                0x0200ad28       0x18 /opt/devkitpro/libnds/lib/libnds9.a(dynamicArray.o)
                0x0200ad28                DynamicArrayGet
 .text.DynamicArraySet
                0x0200ad40       0x48 /opt/devkitpro/libnds/lib/libnds9.a(dynamicArray.o)
                0x0200ad40                DynamicArraySet
 .text.powerOn  0x0200ad88       0x18 /opt/devkitpro/libnds/lib/libnds9.a(system.o)
                0x0200ad88                powerOn
 .text.vramRestorePrimaryBanks
                0x0200ada0        0xc /opt/devkitpro/libnds/lib/libnds9.a(video.o)
                0x0200ada0                vramRestorePrimaryBanks
 .text.irqSet   0x0200adac       0x64 /opt/devkitpro/calico/lib/libcalico_ds9.a(irq.o)
                0x0200adac                irqSet
 .text._tickCountIsr
                0x0200ae10       0x1c /opt/devkitpro/calico/lib/libcalico_ds9.a(tick.o)
 .text._tickTaskSchedule.part.0.isra.0
                0x0200ae2c       0x98 /opt/devkitpro/calico/lib/libcalico_ds9.a(tick.o)
 .text.tickInit
                0x0200aec4       0x8c /opt/devkitpro/calico/lib/libcalico_ds9.a(tick.o)
                0x0200aec4                tickInit
 .text.tickGetCount
                0x0200af50       0x6c /opt/devkitpro/calico/lib/libcalico_ds9.a(tick.o)
                0x0200af50                tickGetCount
 .text._tickTaskIsr
                0x0200afbc      0x110 /opt/devkitpro/calico/lib/libcalico_ds9.a(tick.o)
 .text.tickTaskStart
                0x0200b0cc      0x11c /opt/devkitpro/calico/lib/libcalico_ds9.a(tick.o)
                0x0200b0cc                tickTaskStart
 .text.threadExit
                0x0200b1e8       0x98 /opt/devkitpro/calico/lib/libcalico_ds9.a(thread_cold.o)
                0x0200b1e8                threadExit
 .text._threadTickTask
                0x0200b280       0x10 /opt/devkitpro/calico/lib/libcalico_ds9.a(thread_cold.o)
 .text._threadInit
                0x0200b290       0x98 /opt/devkitpro/calico/lib/libcalico_ds9.a(thread_cold.o)
                0x0200b290                _threadInit
 .text.threadPrepare
                0x0200b328       0x98 /opt/devkitpro/calico/lib/libcalico_ds9.a(thread_cold.o)
                0x0200b328                threadPrepare
 .text.threadStart
                0x0200b3c0       0xc0 /opt/devkitpro/calico/lib/libcalico_ds9.a(thread_cold.o)
                0x0200b3c0                threadStart
 .text.threadIrqWait
                0x0200b480       0x98 /opt/devkitpro/calico/lib/libcalico_ds9.a(thread_cold.o)
                0x0200b480                threadIrqWait
 .text.threadSleepTicks
                0x0200b518       0x58 /opt/devkitpro/calico/lib/libcalico_ds9.a(thread_cold.o)
                0x0200b518                threadSleepTicks
 .text.keypadGetState
                0x0200b570       0x28 /opt/devkitpro/calico/lib/libcalico_ds9.a(keypad.o)
                0x0200b570                keypadGetState
 .text._pmCallEventHandlers
                0x0200b598       0x40 /opt/devkitpro/calico/lib/libcalico_ds9.a(pm.o)
 .text._pmPxiThreadMain
                0x0200b5d8       0xa0 /opt/devkitpro/calico/lib/libcalico_ds9.a(pm.o)
 .text._pmResetPxiHandler
                0x0200b678       0x28 /opt/devkitpro/calico/lib/libcalico_ds9.a(pm.o)
 .text.systemUserExit
                0x0200b6a0        0x4 /opt/devkitpro/calico/lib/libcalico_ds9.a(pm.o)
                0x0200b6a0                systemUserExit
 .text.systemErrorExit
                0x0200b6a4        0x4 /opt/devkitpro/calico/lib/libcalico_ds9.a(pm.o)
                0x0200b6a4                systemErrorExit
 .text.__syscall_exit
                0x0200b6a8      0x138 /opt/devkitpro/calico/lib/libcalico_ds9.a(pm.o)
                0x0200b6a8                __syscall_exit
 .text.pmInit   0x0200b7e0       0x58 /opt/devkitpro/calico/lib/libcalico_ds9.a(pm.o)
                0x0200b7e0                pmInit
 .text.pmEnterSleep
                0x0200b838       0xcc /opt/devkitpro/calico/lib/libcalico_ds9.a(pm.o)
                0x0200b838                pmEnterSleep
 .text.pmMainLoop
                0x0200b904       0x60 /opt/devkitpro/calico/lib/libcalico_ds9.a(pm.o)
                0x0200b904                pmMainLoop
 .text.touchRead
                0x0200b964       0x58 /opt/devkitpro/calico/lib/libcalico_ds9.a(touch.o)
                0x0200b964                touchRead
 .text.mailboxTrySend
                0x0200b9bc       0x9c /opt/devkitpro/calico/lib/libcalico_ds9.a(mailbox.o)
                0x0200b9bc                mailboxTrySend
 .text.mailboxRecv
                0x0200ba58       0x8c /opt/devkitpro/calico/lib/libcalico_ds9.a(mailbox.o)
                0x0200ba58                mailboxRecv
 .text.__syscall_getreent
                0x0200bae4       0x14 /opt/devkitpro/calico/lib/libcalico_ds9.a(newlib_syscalls.o)
                0x0200bae4                __syscall_getreent
 .text.__errno  0x0200baf8       0x24 /opt/devkitpro/calico/lib/libcalico_ds9.a(newlib_syscalls.o)
                0x0200baf8                __errno
 .text.__syscall_lock_acquire
                0x0200bb1c        0x4 /opt/devkitpro/calico/lib/libcalico_ds9.a(newlib_syscalls.o)
                0x0200bb1c                __syscall_lock_acquire
 .text.__syscall_lock_release
                0x0200bb20        0x4 /opt/devkitpro/calico/lib/libcalico_ds9.a(newlib_syscalls.o)
                0x0200bb20                __syscall_lock_release
 .text.__syscall_lock_acquire_recursive
                0x0200bb24       0x40 /opt/devkitpro/calico/lib/libcalico_ds9.a(newlib_syscalls.o)
                0x0200bb24                __syscall_lock_acquire_recursive
 .text.__syscall_lock_release_recursive
                0x0200bb64       0x18 /opt/devkitpro/calico/lib/libcalico_ds9.a(newlib_syscalls.o)
                0x0200bb64                __syscall_lock_release_recursive
 .text._pxiMailboxHandler
                0x0200bb7c        0x4 /opt/devkitpro/calico/lib/libcalico_ds9.a(pxi.o)
 .text._pxiRecvUnhandled
                0x0200bb80        0x4 /opt/devkitpro/calico/lib/libcalico_ds9.a(pxi.o)
                0x0200bb80                _pxiRecvUnhandled
 .text._pxiRecvIrqHandler
                0x0200bb84      0x154 /opt/devkitpro/calico/lib/libcalico_ds9.a(pxi.o)
 .text._pxiInit
                0x0200bcd8       0x58 /opt/devkitpro/calico/lib/libcalico_ds9.a(pxi.o)
                0x0200bcd8                _pxiInit
 .text.pxiSetHandler
                0x0200bd30       0x74 /opt/devkitpro/calico/lib/libcalico_ds9.a(pxi.o)
                0x0200bd30                pxiSetHandler
 .text.pxiSetMailbox
                0x0200bda4       0x68 /opt/devkitpro/calico/lib/libcalico_ds9.a(pxi.o)
                0x0200bda4                pxiSetMailbox
 .text.pxiWaitRemote
                0x0200be0c       0x38 /opt/devkitpro/calico/lib/libcalico_ds9.a(pxi.o)
                0x0200be0c                pxiWaitRemote
 .text.pxiSendPacket
                0x0200be44       0x50 /opt/devkitpro/calico/lib/libcalico_ds9.a(pxi.o)
                0x0200be44                pxiSendPacket
 .text.systemUserStartup
                0x0200be94        0x4 /opt/devkitpro/calico/lib/libcalico_ds9.a(sys_startup.o)
                0x0200be94                systemUserStartup
 .text.systemStartup
                0x0200be98      0x104 /opt/devkitpro/calico/lib/libcalico_ds9.a(sys_startup.o)
                0x0200be98                systemStartup
 .text.threadUpdateDynamicPrio
                0x0200bf9c      0x1c4 /opt/devkitpro/calico/lib/libcalico_ds9.a(mutex.o)
 .text.threadRemoveWaiter
                0x0200c160      0x1a8 /opt/devkitpro/calico/lib/libcalico_ds9.a(mutex.o)
 .text.mutexLock
                0x0200c308      0x144 /opt/devkitpro/calico/lib/libcalico_ds9.a(mutex.o)
                0x0200c308                mutexLock
 .text.mutexUnlock
                0x0200c44c       0xbc /opt/devkitpro/calico/lib/libcalico_ds9.a(mutex.o)
                0x0200c44c                mutexUnlock
 .text._ZdlPvj  0x0200c508       0x10 /opt/devkitpro/devkitARM/bin/../lib/gcc/arm-none-eabi/14.2.0/../../../../arm-none-eabi/lib/libstdc++.a(del_ops.o)
                0x0200c508                operator delete(void*, unsigned int)
 .text._ZNK9__gnu_cxx24__concurrence_lock_error4whatEv
                0x0200c518        0xc /opt/devkitpro/devkitARM/bin/../lib/gcc/arm-none-eabi/14.2.0/../../../../arm-none-eabi/lib/libstdc++.a(guard.o)
                0x0200c518                __gnu_cxx::__concurrence_lock_error::what() const
 .text._ZNK9__gnu_cxx26__concurrence_unlock_error4whatEv
                0x0200c524        0xc /opt/devkitpro/devkitARM/bin/../lib/gcc/arm-none-eabi/14.2.0/../../../../arm-none-eabi/lib/libstdc++.a(guard.o)
                0x0200c524                __gnu_cxx::__concurrence_unlock_error::what() const
 .text._ZNK9__gnu_cxx29__concurrence_broadcast_error4whatEv
                0x0200c530        0xc /opt/devkitpro/devkitARM/bin/../lib/gcc/arm-none-eabi/14.2.0/../../../../arm-none-eabi/lib/libstdc++.a(guard.o)
                0x0200c530                __gnu_cxx::__concurrence_broadcast_error::what() const
 .text._ZNK9__gnu_cxx24__concurrence_wait_error4whatEv
                0x0200c53c        0xc /opt/devkitpro/devkitARM/bin/../lib/gcc/arm-none-eabi/14.2.0/../../../../arm-none-eabi/lib/libstdc++.a(guard.o)
                0x0200c53c                __gnu_cxx::__concurrence_wait_error::what() const
 .text._ZN12_GLOBAL__N_1L4initEv
                0x0200c548       0x3c /opt/devkitpro/devkitARM/bin/../lib/gcc/arm-none-eabi/14.2.0/../../../../arm-none-eabi/lib/libstdc++.a(guard.o)
 .text._ZN12_GLOBAL__N_1L16init_static_condEv
                0x0200c584       0x24 /opt/devkitpro/devkitARM/bin/../lib/gcc/arm-none-eabi/14.2.0/../../../../arm-none-eabi/lib/libstdc++.a(guard.o)
 .text._ZN9__gnu_cxx24__concurrence_lock_errorD2Ev
                0x0200c5a8       0x24 /opt/devkitpro/devkitARM/bin/../lib/gcc/arm-none-eabi/14.2.0/../../../../arm-none-eabi/lib/libstdc++.a(guard.o)
                0x0200c5a8                __gnu_cxx::__concurrence_lock_error::~__concurrence_lock_error()
                0x0200c5a8                __gnu_cxx::__concurrence_lock_error::~__concurrence_lock_error()
 .text._ZN9__gnu_cxx24__concurrence_lock_errorD0Ev
                0x0200c5cc       0x30 /opt/devkitpro/devkitARM/bin/../lib/gcc/arm-none-eabi/14.2.0/../../../../arm-none-eabi/lib/libstdc++.a(guard.o)
                0x0200c5cc                __gnu_cxx::__concurrence_lock_error::~__concurrence_lock_error()
 .text._ZN9__gnu_cxx24__concurrence_wait_errorD2Ev
                0x0200c5fc       0x24 /opt/devkitpro/devkitARM/bin/../lib/gcc/arm-none-eabi/14.2.0/../../../../arm-none-eabi/lib/libstdc++.a(guard.o)
                0x0200c5fc                __gnu_cxx::__concurrence_wait_error::~__concurrence_wait_error()
                0x0200c5fc                __gnu_cxx::__concurrence_wait_error::~__concurrence_wait_error()
 .text._ZN9__gnu_cxx24__concurrence_wait_errorD0Ev
                0x0200c620       0x30 /opt/devkitpro/devkitARM/bin/../lib/gcc/arm-none-eabi/14.2.0/../../../../arm-none-eabi/lib/libstdc++.a(guard.o)
                0x0200c620                __gnu_cxx::__concurrence_wait_error::~__concurrence_wait_error()
 .text._ZN9__gnu_cxx26__concurrence_unlock_errorD2Ev
                0x0200c650       0x24 /opt/devkitpro/devkitARM/bin/../lib/gcc/arm-none-eabi/14.2.0/../../../../arm-none-eabi/lib/libstdc++.a(guard.o)
                0x0200c650                __gnu_cxx::__concurrence_unlock_error::~__concurrence_unlock_error()
                0x0200c650                __gnu_cxx::__concurrence_unlock_error::~__concurrence_unlock_error()
 .text._ZN9__gnu_cxx26__concurrence_unlock_errorD0Ev
                0x0200c674       0x30 /opt/devkitpro/devkitARM/bin/../lib/gcc/arm-none-eabi/14.2.0/../../../../arm-none-eabi/lib/libstdc++.a(guard.o)
                0x0200c674                __gnu_cxx::__concurrence_unlock_error::~__concurrence_unlock_error()
 .text._ZN9__gnu_cxx29__concurrence_broadcast_errorD2Ev
                0x0200c6a4       0x24 /opt/devkitpro/devkitARM/bin/../lib/gcc/arm-none-eabi/14.2.0/../../../../arm-none-eabi/lib/libstdc++.a(guard.o)
                0x0200c6a4                __gnu_cxx::__concurrence_broadcast_error::~__concurrence_broadcast_error()
                0x0200c6a4                __gnu_cxx::__concurrence_broadcast_error::~__concurrence_broadcast_error()
 .text._ZN9__gnu_cxx29__concurrence_broadcast_errorD0Ev
                0x0200c6c8       0x30 /opt/devkitpro/devkitARM/bin/../lib/gcc/arm-none-eabi/14.2.0/../../../../arm-none-eabi/lib/libstdc++.a(guard.o)
                0x0200c6c8                __gnu_cxx::__concurrence_broadcast_error::~__concurrence_broadcast_error()
 .text.__cxa_guard_acquire
                0x0200c6f8      0x180 /opt/devkitpro/devkitARM/bin/../lib/gcc/arm-none-eabi/14.2.0/../../../../arm-none-eabi/lib/libstdc++.a(guard.o)
                0x0200c6f8                __cxa_guard_acquire
 .text.__cxa_guard_release
                0x0200c878       0xbc /opt/devkitpro/devkitARM/bin/../lib/gcc/arm-none-eabi/14.2.0/../../../../arm-none-eabi/lib/libstdc++.a(guard.o)
                0x0200c878                __cxa_guard_release
 .text._ZN9__gnu_cxx20recursive_init_errorD2Ev
                0x0200c934       0x24 /opt/devkitpro/devkitARM/bin/../lib/gcc/arm-none-eabi/14.2.0/../../../../arm-none-eabi/lib/libstdc++.a(guard_error.o)
                0x0200c934                __gnu_cxx::recursive_init_error::~recursive_init_error()
                0x0200c934                __gnu_cxx::recursive_init_error::~recursive_init_error()
 .text._ZN9__gnu_cxx20recursive_init_errorD0Ev
                0x0200c958       0x30 /opt/devkitpro/devkitARM/bin/../lib/gcc/arm-none-eabi/14.2.0/../../../../arm-none-eabi/lib/libstdc++.a(guard_error.o)
                0x0200c958                __gnu_cxx::recursive_init_error::~recursive_init_error()
 .text._ZN9__gnu_cxx20recursive_init_errorC2Ev
                0x0200c988       0x10 /opt/devkitpro/devkitARM/bin/../lib/gcc/arm-none-eabi/14.2.0/../../../../arm-none-eabi/lib/libstdc++.a(guard_error.o)
                0x0200c988                __gnu_cxx::recursive_init_error::recursive_init_error()
                0x0200c988                __gnu_cxx::recursive_init_error::recursive_init_error()
 .text._Znwj    0x0200c998       0x68 /opt/devkitpro/devkitARM/bin/../lib/gcc/arm-none-eabi/14.2.0/../../../../arm-none-eabi/lib/libstdc++.a(new_op.o)
                0x0200c998                operator new(unsigned int)
 .text._ZN10__cxxabiv120__si_class_type_infoD2Ev
                0x0200ca00       0x24 /opt/devkitpro/devkitARM/bin/../lib/gcc/arm-none-eabi/14.2.0/../../../../arm-none-eabi/lib/libstdc++.a(si_class_type_info.o)
                0x0200ca00                __cxxabiv1::__si_class_type_info::~__si_class_type_info()
                0x0200ca00                __cxxabiv1::__si_class_type_info::~__si_class_type_info()
 .text._ZN10__cxxabiv120__si_class_type_infoD0Ev
                0x0200ca24       0x30 /opt/devkitpro/devkitARM/bin/../lib/gcc/arm-none-eabi/14.2.0/../../../../arm-none-eabi/lib/libstdc++.a(si_class_type_info.o)
                0x0200ca24                __cxxabiv1::__si_class_type_info::~__si_class_type_info()
 .text._ZNK10__cxxabiv120__si_class_type_info12__do_dyncastEiNS_17__class_type_info10__sub_kindEPKS1_PKvS4_S6_RNS1_16__dyncast_resultE
                0x0200ca54      0x140 /opt/devkitpro/devkitARM/bin/../lib/gcc/arm-none-eabi/14.2.0/../../../../arm-none-eabi/lib/libstdc++.a(si_class_type_info.o)
                0x0200ca54                __cxxabiv1::__si_class_type_info::__do_dyncast(int, __cxxabiv1::__class_type_info::__sub_kind, __cxxabiv1::__class_type_info const*, void const*, __cxxabiv1::__class_type_info const*, void const*, __cxxabiv1::__class_type_info::__dyncast_result&) const
 .text._ZNK10__cxxabiv120__si_class_type_info20__do_find_public_srcEiPKvPKNS_17__class_type_infoES2_
                0x0200cb94       0x8c /opt/devkitpro/devkitARM/bin/../lib/gcc/arm-none-eabi/14.2.0/../../../../arm-none-eabi/lib/libstdc++.a(si_class_type_info.o)
                0x0200cb94                __cxxabiv1::__si_class_type_info::__do_find_public_src(int, void const*, __cxxabiv1::__class_type_info const*, void const*) const
 .text._ZNK10__cxxabiv120__si_class_type_info11__do_upcastEPKNS_17__class_type_infoEPKvRNS1_15__upcast_resultE
                0x0200cc20       0x4c /opt/devkitpro/devkitARM/bin/../lib/gcc/arm-none-eabi/14.2.0/../../../../arm-none-eabi/lib/libstdc++.a(si_class_type_info.o)
                0x0200cc20                __cxxabiv1::__si_class_type_info::__do_upcast(__cxxabiv1::__class_type_info const*, void const*, __cxxabiv1::__class_type_info::__upcast_result&) const
 .text._ZNSt9type_infoD2Ev
                0x0200cc6c        0x4 /opt/devkitpro/devkitARM/bin/../lib/gcc/arm-none-eabi/14.2.0/../../../../arm-none-eabi/lib/libstdc++.a(tinfo.o)
                0x0200cc6c                std::type_info::~type_info()
                0x0200cc6c                std::type_info::~type_info()
 .text._ZNKSt9type_info14__is_pointer_pEv
                0x0200cc70        0x8 /opt/devkitpro/devkitARM/bin/../lib/gcc/arm-none-eabi/14.2.0/../../../../arm-none-eabi/lib/libstdc++.a(tinfo.o)
                0x0200cc70                std::type_info::__is_function_p() const
                0x0200cc70                std::type_info::__is_pointer_p() const
 .text._ZSt18_Rb_tree_incrementPSt18_Rb_tree_node_base
                0x0200cc78       0x58 /opt/devkitpro/devkitARM/bin/../lib/gcc/arm-none-eabi/14.2.0/../../../../arm-none-eabi/lib/libstdc++.a(tree.o)
                0x0200cc78                std::_Rb_tree_increment(std::_Rb_tree_node_base*)
 .text._ZSt18_Rb_tree_decrementPSt18_Rb_tree_node_base
                0x0200ccd0       0x70 /opt/devkitpro/devkitARM/bin/../lib/gcc/arm-none-eabi/14.2.0/../../../../arm-none-eabi/lib/libstdc++.a(tree.o)
                0x0200ccd0                std::_Rb_tree_decrement(std::_Rb_tree_node_base*)
 .text._ZSt29_Rb_tree_insert_and_rebalancebPSt18_Rb_tree_node_baseS0_RS_
                0x0200cd40      0x28c /opt/devkitpro/devkitARM/bin/../lib/gcc/arm-none-eabi/14.2.0/../../../../arm-none-eabi/lib/libstdc++.a(tree.o)
                0x0200cd40                std::_Rb_tree_insert_and_rebalance(bool, std::_Rb_tree_node_base*, std::_Rb_tree_node_base*, std::_Rb_tree_node_base&)
 .text._ZNKSt17bad_function_call4whatEv
                0x0200cfcc        0xc /opt/devkitpro/devkitARM/bin/../lib/gcc/arm-none-eabi/14.2.0/../../../../arm-none-eabi/lib/libstdc++.a(functional.o)
                0x0200cfcc                std::bad_function_call::what() const
 .text._ZNSt17bad_function_callD2Ev
                0x0200cfd8       0x24 /opt/devkitpro/devkitARM/bin/../lib/gcc/arm-none-eabi/14.2.0/../../../../arm-none-eabi/lib/libstdc++.a(functional.o)
                0x0200cfd8                std::bad_function_call::~bad_function_call()
                0x0200cfd8                std::bad_function_call::~bad_function_call()
 .text._ZNSt17bad_function_callD0Ev
                0x0200cffc       0x2c /opt/devkitpro/devkitARM/bin/../lib/gcc/arm-none-eabi/14.2.0/../../../../arm-none-eabi/lib/libstdc++.a(functional.o)
                0x0200cffc                std::bad_function_call::~bad_function_call()
 .text._ZNSt7__cxx1112basic_stringIcSt11char_traitsIcESaIcEE9_M_createERjj
                0x0200d028       0x64 /opt/devkitpro/devkitARM/bin/../lib/gcc/arm-none-eabi/14.2.0/../../../../arm-none-eabi/lib/libstdc++.a(string-inst.o)
                0x0200d028                std::__cxx11::basic_string<char, std::char_traits<char>, std::allocator<char> >::_M_create(unsigned int&, unsigned int)
 .text._ZNSt7__cxx1112basic_stringIcSt11char_traitsIcESaIcEE10_M_disposeEv
                0x0200d08c       0x20 /opt/devkitpro/devkitARM/bin/../lib/gcc/arm-none-eabi/14.2.0/../../../../arm-none-eabi/lib/libstdc++.a(string-inst.o)
                0x0200d08c                std::__cxx11::basic_string<char, std::char_traits<char>, std::allocator<char> >::_M_dispose()
 .text._ZNKSt9bad_alloc4whatEv
                0x0200d0ac        0xc /opt/devkitpro/devkitARM/bin/../lib/gcc/arm-none-eabi/14.2.0/../../../../arm-none-eabi/lib/libstdc++.a(bad_alloc.o)
                0x0200d0ac                std::bad_alloc::what() const
 .text._ZNSt9bad_allocD2Ev
                0x0200d0b8       0x24 /opt/devkitpro/devkitARM/bin/../lib/gcc/arm-none-eabi/14.2.0/../../../../arm-none-eabi/lib/libstdc++.a(bad_alloc.o)
                0x0200d0b8                std::bad_alloc::~bad_alloc()
                0x0200d0b8                std::bad_alloc::~bad_alloc()
 .text._ZNSt9bad_allocD0Ev
                0x0200d0dc       0x30 /opt/devkitpro/devkitARM/bin/../lib/gcc/arm-none-eabi/14.2.0/../../../../arm-none-eabi/lib/libstdc++.a(bad_alloc.o)
                0x0200d0dc                std::bad_alloc::~bad_alloc()
 .text._ZNKSt20bad_array_new_length4whatEv
                0x0200d10c        0xc /opt/devkitpro/devkitARM/bin/../lib/gcc/arm-none-eabi/14.2.0/../../../../arm-none-eabi/lib/libstdc++.a(bad_array_new.o)
                0x0200d10c                std::bad_array_new_length::what() const
 .text._ZNSt20bad_array_new_lengthD2Ev
                0x0200d118       0x24 /opt/devkitpro/devkitARM/bin/../lib/gcc/arm-none-eabi/14.2.0/../../../../arm-none-eabi/lib/libstdc++.a(bad_array_new.o)
                0x0200d118                std::bad_array_new_length::~bad_array_new_length()
                0x0200d118                std::bad_array_new_length::~bad_array_new_length()
 .text._ZNSt20bad_array_new_lengthD0Ev
                0x0200d13c       0x30 /opt/devkitpro/devkitARM/bin/../lib/gcc/arm-none-eabi/14.2.0/../../../../arm-none-eabi/lib/libstdc++.a(bad_array_new.o)
                0x0200d13c                std::bad_array_new_length::~bad_array_new_length()
 .text._ZNK10__cxxabiv117__class_type_info11__do_upcastEPKS0_PPv
                0x0200d16c       0x64 /opt/devkitpro/devkitARM/bin/../lib/gcc/arm-none-eabi/14.2.0/../../../../arm-none-eabi/lib/libstdc++.a(class_type_info.o)
                0x0200d16c                __cxxabiv1::__class_type_info::__do_upcast(__cxxabiv1::__class_type_info const*, void**) const
 .text._ZNK10__cxxabiv117__class_type_info20__do_find_public_srcEiPKvPKS0_S2_
                0x0200d1d0       0x14 /opt/devkitpro/devkitARM/bin/../lib/gcc/arm-none-eabi/14.2.0/../../../../arm-none-eabi/lib/libstdc++.a(class_type_info.o)
                0x0200d1d0                __cxxabiv1::__class_type_info::__do_find_public_src(int, void const*, __cxxabiv1::__class_type_info const*, void const*) const
 .text._ZN10__cxxabiv117__class_type_infoD2Ev
                0x0200d1e4       0x24 /opt/devkitpro/devkitARM/bin/../lib/gcc/arm-none-eabi/14.2.0/../../../../arm-none-eabi/lib/libstdc++.a(class_type_info.o)
                0x0200d1e4                __cxxabiv1::__class_type_info::~__class_type_info()
                0x0200d1e4                __cxxabiv1::__class_type_info::~__class_type_info()
 .text._ZN10__cxxabiv117__class_type_infoD0Ev
                0x0200d208       0x30 /opt/devkitpro/devkitARM/bin/../lib/gcc/arm-none-eabi/14.2.0/../../../../arm-none-eabi/lib/libstdc++.a(class_type_info.o)
                0x0200d208                __cxxabiv1::__class_type_info::~__class_type_info()
 .text._ZNK10__cxxabiv117__class_type_info11__do_upcastEPKS0_PKvRNS0_15__upcast_resultE
                0x0200d238       0x6c /opt/devkitpro/devkitARM/bin/../lib/gcc/arm-none-eabi/14.2.0/../../../../arm-none-eabi/lib/libstdc++.a(class_type_info.o)
                0x0200d238                __cxxabiv1::__class_type_info::__do_upcast(__cxxabiv1::__class_type_info const*, void const*, __cxxabiv1::__class_type_info::__upcast_result&) const
 .text._ZNK10__cxxabiv117__class_type_info10__do_catchEPKSt9type_infoPPvj
                0x0200d2a4       0x84 /opt/devkitpro/devkitARM/bin/../lib/gcc/arm-none-eabi/14.2.0/../../../../arm-none-eabi/lib/libstdc++.a(class_type_info.o)
                0x0200d2a4                __cxxabiv1::__class_type_info::__do_catch(std::type_info const*, void**, unsigned int) const
 .text._ZNK10__cxxabiv117__class_type_info12__do_dyncastEiNS0_10__sub_kindEPKS0_PKvS3_S5_RNS0_16__dyncast_resultE
                0x0200d328       0xdc /opt/devkitpro/devkitARM/bin/../lib/gcc/arm-none-eabi/14.2.0/../../../../arm-none-eabi/lib/libstdc++.a(class_type_info.o)
                0x0200d328                __cxxabiv1::__class_type_info::__do_dyncast(int, __cxxabiv1::__class_type_info::__sub_kind, __cxxabiv1::__class_type_info const*, void const*, __cxxabiv1::__class_type_info const*, void const*, __cxxabiv1::__class_type_info::__dyncast_result&) const
 .text._ZdlPv   0x0200d404       0x10 /opt/devkitpro/devkitARM/bin/../lib/gcc/arm-none-eabi/14.2.0/../../../../arm-none-eabi/lib/libstdc++.a(del_op.o)
                0x0200d404                operator delete(void*)
 .text._ZN12_GLOBAL__N_14pool4freeEPv.constprop.0
                0x0200d414      0x124 /opt/devkitpro/devkitARM/bin/../lib/gcc/arm-none-eabi/14.2.0/../../../../arm-none-eabi/lib/libstdc++.a(eh_alloc.o)
 .text._ZN12_GLOBAL__N_14pool8allocateEj.constprop.0
                0x0200d538       0xdc /opt/devkitpro/devkitARM/bin/../lib/gcc/arm-none-eabi/14.2.0/../../../../arm-none-eabi/lib/libstdc++.a(eh_alloc.o)
 .text.__cxa_allocate_exception
                0x0200d614       0x48 /opt/devkitpro/devkitARM/bin/../lib/gcc/arm-none-eabi/14.2.0/../../../../arm-none-eabi/lib/libstdc++.a(eh_alloc.o)
                0x0200d614                __cxa_allocate_exception
 .text.__cxa_free_exception
                0x0200d65c       0x38 /opt/devkitpro/devkitARM/bin/../lib/gcc/arm-none-eabi/14.2.0/../../../../arm-none-eabi/lib/libstdc++.a(eh_alloc.o)
                0x0200d65c                __cxa_free_exception
 .text.__cxa_end_cleanup
                0x0200d694       0x10 /opt/devkitpro/devkitARM/bin/../lib/gcc/arm-none-eabi/14.2.0/../../../../arm-none-eabi/lib/libstdc++.a(eh_arm.o)
                0x0200d694                __cxa_end_cleanup
 .text.__cxa_type_match
                0x0200d6a4      0x140 /opt/devkitpro/devkitARM/bin/../lib/gcc/arm-none-eabi/14.2.0/../../../../arm-none-eabi/lib/libstdc++.a(eh_arm.o)
                0x0200d6a4                __cxa_type_match
 .text.__cxa_begin_cleanup
                0x0200d7e4       0xbc /opt/devkitpro/devkitARM/bin/../lib/gcc/arm-none-eabi/14.2.0/../../../../arm-none-eabi/lib/libstdc++.a(eh_arm.o)
                0x0200d7e4                __cxa_begin_cleanup
 .text.__gnu_end_cleanup
                0x0200d8a0       0xbc /opt/devkitpro/devkitARM/bin/../lib/gcc/arm-none-eabi/14.2.0/../../../../arm-none-eabi/lib/libstdc++.a(eh_arm.o)
                0x0200d8a0                __gnu_end_cleanup
 .text.__cxa_begin_catch
                0x0200d95c       0xd4 /opt/devkitpro/devkitARM/bin/../lib/gcc/arm-none-eabi/14.2.0/../../../../arm-none-eabi/lib/libstdc++.a(eh_catch.o)
                0x0200d95c                __cxa_begin_catch
 .text.__cxa_end_catch
                0x0200da30       0xe0 /opt/devkitpro/devkitARM/bin/../lib/gcc/arm-none-eabi/14.2.0/../../../../arm-none-eabi/lib/libstdc++.a(eh_catch.o)
                0x0200da30                __cxa_end_catch
 .text._ZNSt9exceptionD2Ev
                0x0200db10        0x4 /opt/devkitpro/devkitARM/bin/../lib/gcc/arm-none-eabi/14.2.0/../../../../arm-none-eabi/lib/libstdc++.a(eh_exception.o)
                0x0200db10                std::exception::~exception()
                0x0200db10                std::exception::~exception()
 .text._ZNSt13bad_exceptionD2Ev
                0x0200db14        0x4 /opt/devkitpro/devkitARM/bin/../lib/gcc/arm-none-eabi/14.2.0/../../../../arm-none-eabi/lib/libstdc++.a(eh_exception.o)
                0x0200db14                std::bad_exception::~bad_exception()
                0x0200db14                std::bad_exception::~bad_exception()
 .text._ZNKSt9exception4whatEv
                0x0200db18        0xc /opt/devkitpro/devkitARM/bin/../lib/gcc/arm-none-eabi/14.2.0/../../../../arm-none-eabi/lib/libstdc++.a(eh_exception.o)
                0x0200db18                transaction clone for std::exception::what() const
                0x0200db18                std::exception::what() const
 .text._ZNKSt13bad_exception4whatEv
                0x0200db24        0xc /opt/devkitpro/devkitARM/bin/../lib/gcc/arm-none-eabi/14.2.0/../../../../arm-none-eabi/lib/libstdc++.a(eh_exception.o)
                0x0200db24                transaction clone for std::bad_exception::what() const
                0x0200db24                std::bad_exception::what() const
 .text._ZNSt13bad_exceptionD0Ev
                0x0200db30       0x1c /opt/devkitpro/devkitARM/bin/../lib/gcc/arm-none-eabi/14.2.0/../../../../arm-none-eabi/lib/libstdc++.a(eh_exception.o)
                0x0200db30                std::bad_exception::~bad_exception()
 .text._ZL15eh_globals_dtorPv
                0x0200db4c       0x40 /opt/devkitpro/devkitARM/bin/../lib/gcc/arm-none-eabi/14.2.0/../../../../arm-none-eabi/lib/libstdc++.a(eh_globals.o)
 .text.__cxa_get_globals_fast
                0x0200db8c       0x3c /opt/devkitpro/devkitARM/bin/../lib/gcc/arm-none-eabi/14.2.0/../../../../arm-none-eabi/lib/libstdc++.a(eh_globals.o)
                0x0200db8c                __cxa_get_globals_fast
 .text.__cxa_get_globals
                0x0200dbc8       0x78 /opt/devkitpro/devkitARM/bin/../lib/gcc/arm-none-eabi/14.2.0/../../../../arm-none-eabi/lib/libstdc++.a(eh_globals.o)
                0x0200dbc8                __cxa_get_globals
 .text._ZL28read_encoded_value_with_basehjPKhPj
                0x0200dc40      0x150 /opt/devkitpro/devkitARM/bin/../lib/gcc/arm-none-eabi/14.2.0/../../../../arm-none-eabi/lib/libstdc++.a(eh_personality.o)
 .text._ZL21base_of_encoded_valuehP15_Unwind_Context
                0x0200dd90       0x7c /opt/devkitpro/devkitARM/bin/../lib/gcc/arm-none-eabi/14.2.0/../../../../arm-none-eabi/lib/libstdc++.a(eh_personality.o)
 .text._ZL17parse_lsda_headerP15_Unwind_ContextPKhP16lsda_header_info
                0x0200de0c       0xd8 /opt/devkitpro/devkitARM/bin/../lib/gcc/arm-none-eabi/14.2.0/../../../../arm-none-eabi/lib/libstdc++.a(eh_personality.o)
 .text.__gxx_personality_v0
                0x0200dee4      0x71c /opt/devkitpro/devkitARM/bin/../lib/gcc/arm-none-eabi/14.2.0/../../../../arm-none-eabi/lib/libstdc++.a(eh_personality.o)
                0x0200dee4                __gxx_personality_v0
 .text._ZN10__cxxabiv111__terminateEPFvvE
                0x0200e600       0x18 /opt/devkitpro/devkitARM/bin/../lib/gcc/arm-none-eabi/14.2.0/../../../../arm-none-eabi/lib/libstdc++.a(eh_terminate.o)
                0x0200e600                __cxxabiv1::__terminate(void (*)())
 .text._ZSt13get_terminatev
                0x0200e618       0x60 /opt/devkitpro/devkitARM/bin/../lib/gcc/arm-none-eabi/14.2.0/../../../../arm-none-eabi/lib/libstdc++.a(eh_terminate.o)
                0x0200e618                std::get_terminate()
 .text._ZN10__cxxabiv112__unexpectedEPFvvE
                0x0200e678       0x10 /opt/devkitpro/devkitARM/bin/../lib/gcc/arm-none-eabi/14.2.0/../../../../arm-none-eabi/lib/libstdc++.a(eh_terminate.o)
                0x0200e678                __cxxabiv1::__unexpected(void (*)())
 .text._ZSt14get_unexpectedv
                0x0200e688       0x60 /opt/devkitpro/devkitARM/bin/../lib/gcc/arm-none-eabi/14.2.0/../../../../arm-none-eabi/lib/libstdc++.a(eh_terminate.o)
                0x0200e688                std::get_unexpected()
 .text._ZL23__gxx_exception_cleanup19_Unwind_Reason_CodeP21_Unwind_Control_Block
                0x0200e6e8       0x80 /opt/devkitpro/devkitARM/bin/../lib/gcc/arm-none-eabi/14.2.0/../../../../arm-none-eabi/lib/libstdc++.a(eh_throw.o)
 .text.__cxa_init_primary_exception
                0x0200e768       0x74 /opt/devkitpro/devkitARM/bin/../lib/gcc/arm-none-eabi/14.2.0/../../../../arm-none-eabi/lib/libstdc++.a(eh_throw.o)
                0x0200e768                __cxa_init_primary_exception
 .text.__cxa_throw
                0x0200e7dc       0x54 /opt/devkitpro/devkitARM/bin/../lib/gcc/arm-none-eabi/14.2.0/../../../../arm-none-eabi/lib/libstdc++.a(eh_throw.o)
                0x0200e7dc                __cxa_throw
 .text.__cxa_rethrow
                0x0200e830       0xb0 /opt/devkitpro/devkitARM/bin/../lib/gcc/arm-none-eabi/14.2.0/../../../../arm-none-eabi/lib/libstdc++.a(eh_throw.o)
                0x0200e830                __cxa_rethrow
 .text._ZSt15get_new_handlerv
                0x0200e8e0       0x60 /opt/devkitpro/devkitARM/bin/../lib/gcc/arm-none-eabi/14.2.0/../../../../arm-none-eabi/lib/libstdc++.a(new_handler.o)
                0x0200e8e0                std::get_new_handler()
 .text._ZNKSt11logic_error4whatEv
                0x0200e940        0x8 /opt/devkitpro/devkitARM/bin/../lib/gcc/arm-none-eabi/14.2.0/../../../../arm-none-eabi/lib/libstdc++.a(stdexcept.o)
                0x0200e940                std::runtime_error::what() const
                0x0200e940                std::logic_error::what() const
 .text._ZNSt11logic_errorD2Ev
                0x0200e948       0x8c /opt/devkitpro/devkitARM/bin/../lib/gcc/arm-none-eabi/14.2.0/../../../../arm-none-eabi/lib/libstdc++.a(stdexcept.o)
                0x0200e948                std::logic_error::~logic_error()
                0x0200e948                std::logic_error::~logic_error()
 .text._ZNSt12length_errorD2Ev
                0x0200e9d4       0x8c /opt/devkitpro/devkitARM/bin/../lib/gcc/arm-none-eabi/14.2.0/../../../../arm-none-eabi/lib/libstdc++.a(stdexcept.o)
                0x0200e9d4                std::length_error::~length_error()
                0x0200e9d4                std::length_error::~length_error()
 .text._ZNSt11logic_errorD0Ev
                0x0200ea60       0x94 /opt/devkitpro/devkitARM/bin/../lib/gcc/arm-none-eabi/14.2.0/../../../../arm-none-eabi/lib/libstdc++.a(stdexcept.o)
                0x0200ea60                std::logic_error::~logic_error()
 .text._ZNSt12length_errorD0Ev
                0x0200eaf4       0x94 /opt/devkitpro/devkitARM/bin/../lib/gcc/arm-none-eabi/14.2.0/../../../../arm-none-eabi/lib/libstdc++.a(stdexcept.o)
                0x0200eaf4                std::length_error::~length_error()
 .text._ZNSt11logic_errorC2EPKc
                0x0200eb88       0xcc /opt/devkitpro/devkitARM/bin/../lib/gcc/arm-none-eabi/14.2.0/../../../../arm-none-eabi/lib/libstdc++.a(cow-stdexcept.o)
                0x0200eb88                std::logic_error::logic_error(char const*)
                0x0200eb88                std::logic_error::logic_error(char const*)
 .text._ZNSt12length_errorC2EPKc
                0x0200ec54       0x24 /opt/devkitpro/devkitARM/bin/../lib/gcc/arm-none-eabi/14.2.0/../../../../arm-none-eabi/lib/libstdc++.a(cow-stdexcept.o)
                0x0200ec54                std::length_error::length_error(char const*)
                0x0200ec54                std::length_error::length_error(char const*)
 .text._ZNSs4_Rep9_S_createEjjRKSaIcE
                0x0200ec78       0x88 /opt/devkitpro/devkitARM/bin/../lib/gcc/arm-none-eabi/14.2.0/../../../../arm-none-eabi/lib/libstdc++.a(cow-string-inst.o)
                0x0200ec78                std::string::_Rep::_S_create(unsigned int, unsigned int, std::allocator<char> const&)
 .text._ZNSs4_Rep10_M_destroyERKSaIcE
                0x0200ed00       0x10 /opt/devkitpro/devkitARM/bin/../lib/gcc/arm-none-eabi/14.2.0/../../../../arm-none-eabi/lib/libstdc++.a(cow-string-inst.o)
                0x0200ed00                std::string::_Rep::_M_destroy(std::allocator<char> const&)
 .text._ZN9__gnu_cxx18__exchange_and_addEPVii
                0x0200ed10       0xec /opt/devkitpro/devkitARM/bin/../lib/gcc/arm-none-eabi/14.2.0/../../../../arm-none-eabi/lib/libstdc++.a(atomicity.o)
                0x0200ed10                __gnu_cxx::__exchange_and_add(int volatile*, int)
 .text.cosf     0x0200edfc       0xb0 /opt/devkitpro/devkitARM/bin/../lib/gcc/arm-none-eabi/14.2.0/../../../../arm-none-eabi/lib/libm.a(libm_a-sf_cos.o)
                0x0200edfc                cosf
 .text.sqrtf    0x0200eeac       0x70 /opt/devkitpro/devkitARM/bin/../lib/gcc/arm-none-eabi/14.2.0/../../../../arm-none-eabi/lib/libm.a(libm_a-wf_sqrt.o)
                0x0200eeac                sqrtf
 .text.__kernel_cosf
                0x0200ef1c      0x22c /opt/devkitpro/devkitARM/bin/../lib/gcc/arm-none-eabi/14.2.0/../../../../arm-none-eabi/lib/libm.a(libm_a-kf_cos.o)
                0x0200ef1c                __kernel_cosf
 .text.sinf     0x0200f148       0xb8 /opt/devkitpro/devkitARM/bin/../lib/gcc/arm-none-eabi/14.2.0/../../../../arm-none-eabi/lib/libm.a(libm_a-sf_sin.o)
                0x0200f148                sinf
 .text.__kernel_sinf
                0x0200f200      0x148 /opt/devkitpro/devkitARM/bin/../lib/gcc/arm-none-eabi/14.2.0/../../../../arm-none-eabi/lib/libm.a(libm_a-kf_sin.o)
                0x0200f200                __kernel_sinf
 .text.__ieee754_rem_pio2f
                0x0200f348      0x444 /opt/devkitpro/devkitARM/bin/../lib/gcc/arm-none-eabi/14.2.0/../../../../arm-none-eabi/lib/libm.a(libm_a-ef_rem_pio2.o)
                0x0200f348                __ieee754_rem_pio2f
 .text.fabsf    0x0200f78c        0x8 /opt/devkitpro/devkitARM/bin/../lib/gcc/arm-none-eabi/14.2.0/../../../../arm-none-eabi/lib/libm.a(libm_a-sf_fabs.o)
                0x0200f78c                fabsf
 .text.__kernel_rem_pio2f
                0x0200f794      0xa90 /opt/devkitpro/devkitARM/bin/../lib/gcc/arm-none-eabi/14.2.0/../../../../arm-none-eabi/lib/libm.a(libm_a-kf_rem_pio2.o)
                0x0200f794                __kernel_rem_pio2f
 .text.__ieee754_sqrtf
                0x02010224      0x168 /opt/devkitpro/devkitARM/bin/../lib/gcc/arm-none-eabi/14.2.0/../../../../arm-none-eabi/lib/libm.a(libm_a-ef_sqrt.o)
                0x02010224                __ieee754_sqrtf
 .text.scalbnf  0x0201038c      0x128 /opt/devkitpro/devkitARM/bin/../lib/gcc/arm-none-eabi/14.2.0/../../../../arm-none-eabi/lib/libm.a(libm_a-sf_scalbn.o)
                0x0201038c                scalbnf
 .text.floorf   0x020104b4       0xd4 /opt/devkitpro/devkitARM/bin/../lib/gcc/arm-none-eabi/14.2.0/../../../../arm-none-eabi/lib/libm.a(libm_a-sf_floor.o)
                0x020104b4                floorf
 .text          0x02010588      0x148 /opt/devkitpro/devkitARM/bin/../lib/gcc/arm-none-eabi/14.2.0/libgcc.a(_divsi3.o)
                0x02010588                __aeabi_idiv
                0x02010588                __divsi3
                0x020106b0                __aeabi_idivmod
 .text          0x020106d0        0x4 /opt/devkitpro/devkitARM/bin/../lib/gcc/arm-none-eabi/14.2.0/libgcc.a(_dvmd_tls.o)
                0x020106d0                __aeabi_ldiv0
                0x020106d0                __aeabi_idiv0
 .text          0x020106d4      0x424 /opt/devkitpro/devkitARM/bin/../lib/gcc/arm-none-eabi/14.2.0/libgcc.a(_arm_addsubdf3.o)
                0x020106d4                __aeabi_drsub
                0x020106dc                __aeabi_dsub
                0x020106dc                __subdf3
                0x020106e0                __adddf3
                0x020106e0                __aeabi_dadd
                0x020109f0                __aeabi_ui2d
                0x020109f0                __floatunsidf
                0x02010a14                __floatsidf
                0x02010a14                __aeabi_i2d
                0x02010a3c                __extendsfdf2
                0x02010a3c                __aeabi_f2d
                0x02010a84                __aeabi_ul2d
                0x02010a84                __floatundidf
                0x02010a98                __floatdidf
                0x02010a98                __aeabi_l2d
 .text          0x02010af8      0x49c /opt/devkitpro/devkitARM/bin/../lib/gcc/arm-none-eabi/14.2.0/libgcc.a(_arm_muldivdf3.o)
                0x02010af8                __aeabi_dmul
                0x02010af8                __muldf3
                0x02010d88                __aeabi_ddiv
                0x02010d88                __divdf3
 .text          0x02010f94       0x5c /opt/devkitpro/devkitARM/bin/../lib/gcc/arm-none-eabi/14.2.0/libgcc.a(_arm_fixdfsi.o)
                0x02010f94                __fixdfsi
                0x02010f94                __aeabi_d2iz
 .text          0x02010ff0      0x2ac /opt/devkitpro/devkitARM/bin/../lib/gcc/arm-none-eabi/14.2.0/libgcc.a(_arm_addsubsf3.o)
                0x02010ff0                __aeabi_frsub
                0x02010ff8                __subsf3
                0x02010ff8                __aeabi_fsub
                0x02010ffc                __aeabi_fadd
                0x02010ffc                __addsf3
                0x020111b8                __aeabi_ui2f
                0x020111b8                __floatunsisf
                0x020111c0                __aeabi_i2f
                0x020111c0                __floatsisf
                0x020111e0                __floatundisf
                0x020111e0                __aeabi_ul2f
                0x020111f0                __floatdisf
                0x020111f0                __aeabi_l2f
 .text          0x0201129c      0x2f8 /opt/devkitpro/devkitARM/bin/../lib/gcc/arm-none-eabi/14.2.0/libgcc.a(_arm_muldivsf3.o)
                0x0201129c                __mulsf3
                0x0201129c                __aeabi_fmul
                0x02011434                __divsf3
                0x02011434                __aeabi_fdiv
 .text          0x02011594      0x114 /opt/devkitpro/devkitARM/bin/../lib/gcc/arm-none-eabi/14.2.0/libgcc.a(_arm_cmpsf2.o)
                0x02011594                __gtsf2
                0x02011594                __gesf2
                0x0201159c                __lesf2
                0x0201159c                __ltsf2
                0x020115a4                __nesf2
                0x020115a4                __eqsf2
                0x020115a4                __cmpsf2
                0x02011608                __aeabi_cfrcmple
                0x02011618                __aeabi_cfcmple
                0x02011618                __aeabi_cfcmpeq
                0x02011630                __aeabi_fcmpeq
                0x02011648                __aeabi_fcmplt
                0x02011660                __aeabi_fcmple
                0x02011678                __aeabi_fcmpge
                0x02011690                __aeabi_fcmpgt
 .text          0x020116a8       0x38 /opt/devkitpro/devkitARM/bin/../lib/gcc/arm-none-eabi/14.2.0/libgcc.a(_arm_unordsf2.o)
                0x020116a8                __aeabi_fcmpun
                0x020116a8                __unordsf2
 .text          0x020116e0       0x5c /opt/devkitpro/devkitARM/bin/../lib/gcc/arm-none-eabi/14.2.0/libgcc.a(_arm_fixsfsi.o)
                0x020116e0                __fixsfsi
                0x020116e0                __aeabi_f2iz
 .text          0x0201173c       0x54 /opt/devkitpro/devkitARM/bin/../lib/gcc/arm-none-eabi/14.2.0/libgcc.a(_arm_fixunssfsi.o)
                0x0201173c                __aeabi_f2uiz
                0x0201173c                __fixunssfsi
 .text          0x02011790       0x3c /opt/devkitpro/devkitARM/bin/../lib/gcc/arm-none-eabi/14.2.0/libgcc.a(_aeabi_uldivmod.o)
                0x02011790                __aeabi_uldivmod
 .text          0x020117cc        0x4 /opt/devkitpro/devkitARM/bin/../lib/gcc/arm-none-eabi/14.2.0/libgcc.a(_sync_none.o)
                0x020117cc                __sync_synchronize_none
 .text.__udivmoddi4
                0x020117d0      0x128 /opt/devkitpro/devkitARM/bin/../lib/gcc/arm-none-eabi/14.2.0/libgcc.a(_udivmoddi4.o)
                0x020117d0                __udivmoddi4
 .text.selfrel_offset31
                0x020118f8       0x18 /opt/devkitpro/devkitARM/bin/../lib/gcc/arm-none-eabi/14.2.0/libgcc.a(unwind-arm.o)
 .text.search_EIT_table
                0x02011910       0x98 /opt/devkitpro/devkitARM/bin/../lib/gcc/arm-none-eabi/14.2.0/libgcc.a(unwind-arm.o)
 .text.__gnu_unwind_get_pr_addr
                0x020119a8       0x40 /opt/devkitpro/devkitARM/bin/../lib/gcc/arm-none-eabi/14.2.0/libgcc.a(unwind-arm.o)
 .text.get_eit_entry
                0x020119e8      0x118 /opt/devkitpro/devkitARM/bin/../lib/gcc/arm-none-eabi/14.2.0/libgcc.a(unwind-arm.o)
 .text.restore_non_core_regs
                0x02011b00       0x90 /opt/devkitpro/devkitARM/bin/../lib/gcc/arm-none-eabi/14.2.0/libgcc.a(unwind-arm.o)
 .text._Unwind_decode_typeinfo_ptr.constprop.0
                0x02011b90       0x14 /opt/devkitpro/devkitARM/bin/../lib/gcc/arm-none-eabi/14.2.0/libgcc.a(unwind-arm.o)
 .text._Unwind_DebugHook
                0x02011ba4        0x4 /opt/devkitpro/devkitARM/bin/../lib/gcc/arm-none-eabi/14.2.0/libgcc.a(unwind-arm.o)
 .text.unwind_phase2
                0x02011ba8       0x68 /opt/devkitpro/devkitARM/bin/../lib/gcc/arm-none-eabi/14.2.0/libgcc.a(unwind-arm.o)
 .text.unwind_phase2_forced
                0x02011c10      0x154 /opt/devkitpro/devkitARM/bin/../lib/gcc/arm-none-eabi/14.2.0/libgcc.a(unwind-arm.o)
 .text.__gnu_Unwind_RaiseException
                0x02011d64       0xac /opt/devkitpro/devkitARM/bin/../lib/gcc/arm-none-eabi/14.2.0/libgcc.a(unwind-arm.o)
                0x02011d64                __gnu_Unwind_RaiseException
 .text.__gnu_Unwind_ForcedUnwind
                0x02011e10       0x28 /opt/devkitpro/devkitARM/bin/../lib/gcc/arm-none-eabi/14.2.0/libgcc.a(unwind-arm.o)
                0x02011e10                __gnu_Unwind_ForcedUnwind
 .text.__gnu_Unwind_Resume
                0x02011e38       0x78 /opt/devkitpro/devkitARM/bin/../lib/gcc/arm-none-eabi/14.2.0/libgcc.a(unwind-arm.o)
                0x02011e38                __gnu_Unwind_Resume
 .text.__gnu_Unwind_Resume_or_Rethrow
                0x02011eb0       0x2c /opt/devkitpro/devkitARM/bin/../lib/gcc/arm-none-eabi/14.2.0/libgcc.a(unwind-arm.o)
                0x02011eb0                __gnu_Unwind_Resume_or_Rethrow
 .text._Unwind_Complete
                0x02011edc        0x4 /opt/devkitpro/devkitARM/bin/../lib/gcc/arm-none-eabi/14.2.0/libgcc.a(unwind-arm.o)
                0x02011edc                _Unwind_Complete
 .text._Unwind_DeleteException
                0x02011ee0       0x18 /opt/devkitpro/devkitARM/bin/../lib/gcc/arm-none-eabi/14.2.0/libgcc.a(unwind-arm.o)
                0x02011ee0                _Unwind_DeleteException
 .text._Unwind_VRS_Get
                0x02011ef8       0x64 /opt/devkitpro/devkitARM/bin/../lib/gcc/arm-none-eabi/14.2.0/libgcc.a(unwind-arm.o)
                0x02011ef8                _Unwind_VRS_Get
 .text._Unwind_GetGR
                0x02011f5c       0x30 /opt/devkitpro/devkitARM/bin/../lib/gcc/arm-none-eabi/14.2.0/libgcc.a(unwind-arm.o)
 .text._Unwind_VRS_Set
                0x02011f8c       0x64 /opt/devkitpro/devkitARM/bin/../lib/gcc/arm-none-eabi/14.2.0/libgcc.a(unwind-arm.o)
                0x02011f8c                _Unwind_VRS_Set
 .text._Unwind_SetGR
                0x02011ff0       0x30 /opt/devkitpro/devkitARM/bin/../lib/gcc/arm-none-eabi/14.2.0/libgcc.a(unwind-arm.o)
 .text.__gnu_Unwind_Backtrace
                0x02012020       0xcc /opt/devkitpro/devkitARM/bin/../lib/gcc/arm-none-eabi/14.2.0/libgcc.a(unwind-arm.o)
                0x02012020                __gnu_Unwind_Backtrace
 .text.__gnu_unwind_pr_common
                0x020120ec      0x41c /opt/devkitpro/devkitARM/bin/../lib/gcc/arm-none-eabi/14.2.0/libgcc.a(unwind-arm.o)
 .text.__aeabi_unwind_cpp_pr0
                0x02012508        0x8 /opt/devkitpro/devkitARM/bin/../lib/gcc/arm-none-eabi/14.2.0/libgcc.a(unwind-arm.o)
                0x02012508                __aeabi_unwind_cpp_pr0
 .text.__aeabi_unwind_cpp_pr1
                0x02012510        0x8 /opt/devkitpro/devkitARM/bin/../lib/gcc/arm-none-eabi/14.2.0/libgcc.a(unwind-arm.o)
                0x02012510                __aeabi_unwind_cpp_pr1
 .text.__aeabi_unwind_cpp_pr2
                0x02012518        0x8 /opt/devkitpro/devkitARM/bin/../lib/gcc/arm-none-eabi/14.2.0/libgcc.a(unwind-arm.o)
                0x02012518                __aeabi_unwind_cpp_pr2
 .text._Unwind_VRS_Pop
                0x02012520      0x45c /opt/devkitpro/devkitARM/bin/../lib/gcc/arm-none-eabi/14.2.0/libgcc.a(unwind-arm.o)
                0x02012520                _Unwind_VRS_Pop
 .text          0x0201297c      0x1b0 /opt/devkitpro/devkitARM/bin/../lib/gcc/arm-none-eabi/14.2.0/libgcc.a(libunwind.o)
                0x0201297c                __restore_core_regs
                0x0201297c                restore_core_regs
                0x02012998                __gnu_Unwind_Restore_VFP
                0x020129a0                __gnu_Unwind_Save_VFP
                0x020129a8                __gnu_Unwind_Restore_VFP_D
                0x020129b0                __gnu_Unwind_Save_VFP_D
                0x020129b8                __gnu_Unwind_Restore_VFP_D_16_to_31
                0x020129c0                __gnu_Unwind_Save_VFP_D_16_to_31
                0x020129c8                __gnu_Unwind_Restore_WMMXD
                0x02012a0c                __gnu_Unwind_Save_WMMXD
                0x02012a50                __gnu_Unwind_Restore_WMMXC
                0x02012a64                __gnu_Unwind_Save_WMMXC
                0x02012a78                ___Unwind_RaiseException
                0x02012a78                _Unwind_RaiseException
                0x02012a9c                ___Unwind_Resume
                0x02012a9c                _Unwind_Resume
                0x02012ac0                _Unwind_Resume_or_Rethrow
                0x02012ac0                ___Unwind_Resume_or_Rethrow
                0x02012ae4                ___Unwind_ForcedUnwind
                0x02012ae4                _Unwind_ForcedUnwind
                0x02012b08                _Unwind_Backtrace
                0x02012b08                ___Unwind_Backtrace
 .text.next_unwind_byte
                0x02012b2c       0x60 /opt/devkitpro/devkitARM/bin/../lib/gcc/arm-none-eabi/14.2.0/libgcc.a(pr-support.o)
 .text._Unwind_GetGR.constprop.0
                0x02012b8c       0x30 /opt/devkitpro/devkitARM/bin/../lib/gcc/arm-none-eabi/14.2.0/libgcc.a(pr-support.o)
 .text.unwind_UCB_from_context
                0x02012bbc        0x4 /opt/devkitpro/devkitARM/bin/../lib/gcc/arm-none-eabi/14.2.0/libgcc.a(pr-support.o)
 .text.__gnu_unwind_execute
                0x02012bc0      0x46c /opt/devkitpro/devkitARM/bin/../lib/gcc/arm-none-eabi/14.2.0/libgcc.a(pr-support.o)
                0x02012bc0                __gnu_unwind_execute